 flightControlSystem_sfun

 Timestamp is 681181f1 (Tue Apr 29 18:50:41 2025)

 Preferred load address is 0000000180000000

 Start         Length     Name                   Class
 0001:00000000 0000eb90H .text$mn                CODE
 0001:0000eb90 00000036H .text$mn$00             CODE
 0001:0000ebc6 00000092H .text$x                 CODE
 0002:00000000 00000388H .idata$5                DATA
 0002:00000388 00000038H .00cfg                  DATA
 0002:000003c0 00000008H .CRT$XCA                DATA
 0002:000003c8 00000008H .CRT$XCZ                DATA
 0002:000003d0 00000008H .CRT$XIA                DATA
 0002:000003d8 00000008H .CRT$XIZ                DATA
 0002:000003e0 00000008H .CRT$XPA                DATA
 0002:000003e8 00000008H .CRT$XPZ                DATA
 0002:000003f0 00000008H .CRT$XTA                DATA
 0002:000003f8 00000008H .CRT$XTZ                DATA
 0002:00000400 00000000H .gehcont$y              DATA
 0002:00000400 00000000H .gfids$y                DATA
 0002:00000400 00000280H .rdata                  DATA
 0002:00000680 00000080H .rdata$CastGuardVftablesA DATA
 0002:00000700 00000080H .rdata$CastGuardVftablesC DATA
 0002:00000780 00000188H .rdata$voltmd           DATA
 0002:00000908 00000278H .rdata$zzzdbg           DATA
 0002:00000b80 00000008H .rtc$IAA                DATA
 0002:00000b88 00000008H .rtc$IZZ                DATA
 0002:00000b90 00000008H .rtc$TAA                DATA
 0002:00000b98 00000008H .rtc$TZZ                DATA
 0002:00000ba0 000009e0H .xdata                  DATA
 0002:00001580 00000084H .edata                  DATA
 0002:00001604 000000dcH .idata$2                DATA
 0002:000016e0 00000018H .idata$3                DATA
 0002:000016f8 00000388H .idata$4                DATA
 0002:00001a80 00000988H .idata$6                DATA
 0003:00000000 000031d0H .data                   DATA
 0003:000031d0 00000bd0H .bss                    DATA
 0004:00000000 00000bdcH .pdata                  DATA

  Address         Publics by Value              Rva+Base               Lib:Object

 0000:00000000       __AbsoluteZero             0000000000000000     <absolute>
 0000:00000000       ___safe_se_handler_count   0000000000000000     <absolute>
 0000:00000000       ___safe_se_handler_table   0000000000000000     <absolute>
 0000:00000000       __arm64x_extra_rfe_table   0000000000000000     <absolute>
 0000:00000000       __arm64x_extra_rfe_table_size 0000000000000000     <absolute>
 0000:00000000       __arm64x_native_entrypoint 0000000000000000     <absolute>
 0000:00000000       __arm64x_redirection_metadata 0000000000000000     <absolute>
 0000:00000000       __arm64x_redirection_metadata_count 0000000000000000     <absolute>
 0000:00000000       __dynamic_value_reloc_table 0000000000000000     <absolute>
 0000:00000000       __enclave_config           0000000000000000     <absolute>
 0000:00000000       __guard_check_icall_a64n_fptr 0000000000000000     <absolute>
 0000:00000000       __guard_eh_cont_count      0000000000000000     <absolute>
 0000:00000000       __guard_eh_cont_table      0000000000000000     <absolute>
 0000:00000000       __guard_fids_count         0000000000000000     <absolute>
 0000:00000000       __guard_fids_table         0000000000000000     <absolute>
 0000:00000000       __guard_iat_count          0000000000000000     <absolute>
 0000:00000000       __guard_iat_table          0000000000000000     <absolute>
 0000:00000000       __guard_longjmp_count      0000000000000000     <absolute>
 0000:00000000       __guard_longjmp_table      0000000000000000     <absolute>
 0000:00000000       __hybrid_auxiliary_delayload_iat 0000000000000000     <absolute>
 0000:00000000       __hybrid_auxiliary_delayload_iat_copy 0000000000000000     <absolute>
 0000:00000000       __hybrid_auxiliary_iat     0000000000000000     <absolute>
 0000:00000000       __hybrid_auxiliary_iat_copy 0000000000000000     <absolute>
 0000:00000000       __hybrid_code_map          0000000000000000     <absolute>
 0000:00000000       __hybrid_code_map_count    0000000000000000     <absolute>
 0000:00000000       __hybrid_image_info_bitfield 0000000000000000     <absolute>
 0000:00000000       __x64_code_ranges_to_entry_points 0000000000000000     <absolute>
 0000:00000000       __x64_code_ranges_to_entry_points_count 0000000000000000     <absolute>
 0000:00000100       __guard_flags              0000000000000100     <absolute>
 0000:00000000       __ImageBase                0000000180000000     <linker-defined>
 0001:00000000       flightControlSystem_initializer 0000000180001000 f   flightControlSystem_sfun.obj
 0001:00000010       flightControlSystem_terminator 0000000180001010 f   flightControlSystem_sfun.obj
 0001:00000020       load_flightControlSystem_optimization_info 0000000180001020 f   flightControlSystem_sfun.obj
 0001:000000d0       unload_flightControlSystem_optimization_info 00000001800010d0 f   flightControlSystem_sfun.obj
 0001:00000100       sf_flightControlSystem_method_dispatcher 0000000180001100 f   flightControlSystem_sfun.obj
 0001:00000150       sf_flightControlSystem_process_check_sum_call 0000000180001150 f   flightControlSystem_sfun.obj
 0001:00000650       sf_flightControlSystem_get_eml_resolved_functions_info 0000000180001650 f   flightControlSystem_sfun.obj
 0001:00000840       sf_flightControlSystem_third_party_uses_info 0000000180001840 f   flightControlSystem_sfun.obj
 0001:00000a10       sf_flightControlSystem_jit_fallback_info 0000000180001a10 f   flightControlSystem_sfun.obj
 0001:00000be0       sf_flightControlSystem_get_post_codegen_info 0000000180001be0 f   flightControlSystem_sfun.obj
 0001:00000dc0       sf_flightControlSystem_updateBuildInfo_args_info 0000000180001dc0 f   flightControlSystem_sfun.obj
 0001:00000f90       sf_c1_flightControlSystem_get_eml_resolved_functions_info 0000000180001f90 f   c1_flightControlSystem.obj
 0001:00001010       sf_c1_flightControlSystem_get_check_sum 0000000180002010 f   c1_flightControlSystem.obj
 0001:000010e0       c1_flightControlSystem_method_dispatcher 00000001800020e0 f   c1_flightControlSystem.obj
 0001:00001a50       sf_c1_flightControlSystem_third_party_uses_info 0000000180002a50 f   c1_flightControlSystem.obj
 0001:00001aa0       sf_c1_flightControlSystem_jit_fallback_info 0000000180002aa0 f   c1_flightControlSystem.obj
 0001:00001c30       sf_c1_flightControlSystem_updateBuildInfo_args_info 0000000180002c30 f   c1_flightControlSystem.obj
 0001:00001f60       sf_c1_flightControlSystem_get_post_codegen_info 0000000180002f60 f   c1_flightControlSystem.obj
 0001:00002440       mexFunction                0000000180003440 f   flightControlSystem_sfun_registry.obj
 0001:00004d80       _ssSetInputPortDirectFeedThroughFcn 0000000180005d80 f   flightControlSystem_sfun_registry.obj
 0001:00004ef0       _ssSetRWorkValueFcn        0000000180005ef0 f   flightControlSystem_sfun_registry.obj
 0001:00004f70       _ssGetRWorkValueFcn        0000000180005f70 f   flightControlSystem_sfun_registry.obj
 0001:00004fe0       _ssSetIWorkValueFcn        0000000180005fe0 f   flightControlSystem_sfun_registry.obj
 0001:00005060       _ssGetIWorkValueFcn        0000000180006060 f   flightControlSystem_sfun_registry.obj
 0001:000050d0       _ssSetPWorkValueFcn        00000001800060d0 f   flightControlSystem_sfun_registry.obj
 0001:00005150       _ssGetPWorkValueFcn        0000000180006150 f   flightControlSystem_sfun_registry.obj
 0001:000051c0       _ssGetInputPortSignalFcn   00000001800061c0 f   flightControlSystem_sfun_registry.obj
 0001:00005550       _ssGetInputPortBufferDstPortFcn 0000000180006550 f   flightControlSystem_sfun_registry.obj
 0001:000055d0       _ssGetInputPortSignalPtrsFcn 00000001800065d0 f   flightControlSystem_sfun_registry.obj
 0001:00005960       ssGetParameterTuningCompliance 0000000180006960 f   flightControlSystem_sfun_registry.obj
 0001:000059d0       _ssReadInputStringFcn      00000001800069d0 f   flightControlSystem_sfun_registry.obj
 0001:00005a40       ssGetDTypeIdFromMxArray    0000000180006a40 f   flightControlSystem_sfun_registry.obj
 0001:00005b60       ssWriteRTWMx2dMatParam     0000000180006b60 f   flightControlSystem_sfun_registry.obj
 0001:00005bf0       ssWriteRTWMxVectParam      0000000180006bf0 f   flightControlSystem_sfun_registry.obj
 0001:00005c70       ssWriteRTWParameters       0000000180006c70 f   flightControlSystem_sfun_registry.obj
 0001:00006230       ssWriteRTWParamSettings    0000000180007230 f   flightControlSystem_sfun_registry.obj
 0001:00006920       ssWriteRTWStr              0000000180007920 f   flightControlSystem_sfun_registry.obj
 0001:00006980       ssWriteRTWWorkVect         0000000180007980 f   flightControlSystem_sfun_registry.obj
 0001:00006ee0       ssWarning                  0000000180007ee0 f   flightControlSystem_sfun_registry.obj
 0001:00006fd0       ssGetRootSS                0000000180007fd0 f   flightControlSystem_sfun_registry.obj
 0001:00007090       ssGetParentSS              0000000180008090 f   flightControlSystem_sfun_registry.obj
 0001:00007150       ssWriteRTWNameValuePair    0000000180008150 f   flightControlSystem_sfun_registry.obj
 0001:00007650       _ssSetInputPortMatrixDimensions 0000000180008650 f   flightControlSystem_sfun_registry.obj
 0001:000077a0       _ssSetOutputPortMatrixDimensions 00000001800087a0 f   flightControlSystem_sfun_registry.obj
 0001:000078f0       _ssSetInputPortVectorDimension 00000001800088f0 f   flightControlSystem_sfun_registry.obj
 0001:000079a0       _ssSetOutputPortVectorDimension 00000001800089a0 f   flightControlSystem_sfun_registry.obj
 0001:00007a50       ssIsRunTimeParamTunable    0000000180008a50 f   flightControlSystem_sfun_registry.obj
 0001:00007ac0       ssGetSFuncBlockHandle      0000000180008ac0 f   flightControlSystem_sfun_registry.obj
 0001:00007b30       _ssGetCallSystemNumFcnCallDestinations 0000000180008b30 f   flightControlSystem_sfun_registry.obj
 0001:00007ba0       _ssGetCurrentInputPortWidth 0000000180008ba0 f   flightControlSystem_sfun_registry.obj
 0001:00007ce0       _ssGetCurrentOutputPortWidth 0000000180008ce0 f   flightControlSystem_sfun_registry.obj
 0001:00007e20       ssGetIsZeroCrossControlDisabled 0000000180008e20 f   flightControlSystem_sfun_registry.obj
 0001:00007e90       ssSetIsInputPortUsedForContZcSignal 0000000180008e90 f   flightControlSystem_sfun_registry.obj
 0001:00007f00       ssSetZcSignalIsZcElementDisc 0000000180008f00 f   flightControlSystem_sfun_registry.obj
 0001:00007fb0       ssSetZcSignalName          0000000180008fb0 f   flightControlSystem_sfun_registry.obj
 0001:00008020       ssSetZcSignalWidth         0000000180009020 f   flightControlSystem_sfun_registry.obj
 0001:00008090       ssSetZcSignalZcEventType   0000000180009090 f   flightControlSystem_sfun_registry.obj
 0001:00008100       ssSetZcSignalType          0000000180009100 f   flightControlSystem_sfun_registry.obj
 0001:00008170       ssSetZcSignalZcTol         0000000180009170 f   flightControlSystem_sfun_registry.obj
 0001:000081e0       ssSetZcSignalNeedsEventNotification 00000001800091e0 f   flightControlSystem_sfun_registry.obj
 0001:00008250       ssCreateAndAddZcSignalInfo 0000000180009250 f   flightControlSystem_sfun_registry.obj
 0001:000082c0       ssCloneAndAddZcSignalInfo  00000001800092c0 f   flightControlSystem_sfun_registry.obj
 0001:00008330       ssGetNumZcSignals          0000000180009330 f   flightControlSystem_sfun_registry.obj
 0001:000083a0       ssGetZcSignalVector        00000001800093a0 f   flightControlSystem_sfun_registry.obj
 0001:00008410       ssGetZcSignalName          0000000180009410 f   flightControlSystem_sfun_registry.obj
 0001:00008480       ssGetZcSignalWidth         0000000180009480 f   flightControlSystem_sfun_registry.obj
 0001:000084f0       ssGetZcSignalZcEventType   00000001800094f0 f   flightControlSystem_sfun_registry.obj
 0001:00008560       ssGetZcSignalZcEvents      0000000180009560 f   flightControlSystem_sfun_registry.obj
 0001:000085d0       ssGetZcSignalType          00000001800095d0 f   flightControlSystem_sfun_registry.obj
 0001:00008640       ssGetZcSignalZcTol         0000000180009640 f   flightControlSystem_sfun_registry.obj
 0001:000086c0       ssGetZcSignalNeedsEventNotification 00000001800096c0 f   flightControlSystem_sfun_registry.obj
 0001:00008730       ssGetZcSignalIsZcElementDisc 0000000180009730 f   flightControlSystem_sfun_registry.obj
 0001:000087d0       ssGetIsInputPortElementContinuous 00000001800097d0 f   flightControlSystem_sfun_registry.obj
 0001:00008870       _ssGetAbsTol               0000000180009870 f   flightControlSystem_sfun_registry.obj
 0001:000088e0       _ssSetStateAbsTol          00000001800098e0 f   flightControlSystem_sfun_registry.obj
 0001:000089c0       _ssSetInputPortReusableFcn 00000001800099c0 f   flightControlSystem_sfun_registry.obj
 0001:00008ac0       _ssSetOutputPortReusableFcn 0000000180009ac0 f   flightControlSystem_sfun_registry.obj
 0001:00008bc0       _ssSetSymbolicDimsSupport  0000000180009bc0 f   flightControlSystem_sfun_registry.obj
 0001:00008c30       _ssRegisterSymbolicDimsExpr 0000000180009c30 f   flightControlSystem_sfun_registry.obj
 0001:00008cb0       _ssRegisterSymbolicDimsMATLABExpr 0000000180009cb0 f   flightControlSystem_sfun_registry.obj
 0001:00008d40       _ssRegisterSymbolicDims    0000000180009d40 f   flightControlSystem_sfun_registry.obj
 0001:00008de0       _ssRegisterSymbolicDimsString 0000000180009de0 f   flightControlSystem_sfun_registry.obj
 0001:00008e60       _ssRegisterSymbolicDimsIntValue 0000000180009e60 f   flightControlSystem_sfun_registry.obj
 0001:00008ed0       _ssRegisterSymbolicEqualRelation 0000000180009ed0 f   flightControlSystem_sfun_registry.obj
 0001:00008f40       _ssRegisterSymbolicEqualValue 0000000180009f40 f   flightControlSystem_sfun_registry.obj
 0001:00008fb0       _ssAmendLeadingSymbolicDims 0000000180009fb0 f   flightControlSystem_sfun_registry.obj
 0001:00009030       _ssAmendTrailingSymbolicDims 000000018000a030 f   flightControlSystem_sfun_registry.obj
 0001:000090b0       _ssRegisterSymbolicDimsPlus 000000018000a0b0 f   flightControlSystem_sfun_registry.obj
 0001:00009130       _ssRegisterSymbolicDimsMinus 000000018000a130 f   flightControlSystem_sfun_registry.obj
 0001:000091b0       _ssRegisterSymbolicDimsMultiply 000000018000a1b0 f   flightControlSystem_sfun_registry.obj
 0001:00009230       _ssRegisterSymbolicDimsDivide 000000018000a230 f   flightControlSystem_sfun_registry.obj
 0001:000092b0       _ssGetNumSymbolicDims      000000018000a2b0 f   flightControlSystem_sfun_registry.obj
 0001:00009320       _ssGetSymbolicDim          000000018000a320 f   flightControlSystem_sfun_registry.obj
 0001:000093a0       _ssSetInputPortSymbolicDimsId 000000018000a3a0 f   flightControlSystem_sfun_registry.obj
 0001:00009410       _ssGetCompInputPortSymbolicDimsId 000000018000a410 f   flightControlSystem_sfun_registry.obj
 0001:00009480       _ssSetCompInputPortSymbolicDimsId 000000018000a480 f   flightControlSystem_sfun_registry.obj
 0001:000094f0       _ssSetOutputPortSymbolicDimsId 000000018000a4f0 f   flightControlSystem_sfun_registry.obj
 0001:00009560       _ssGetCompOutputPortSymbolicDimsId 000000018000a560 f   flightControlSystem_sfun_registry.obj
 0001:000095d0       _ssSetCompOutputPortSymbolicDimsId 000000018000a5d0 f   flightControlSystem_sfun_registry.obj
 0001:00009640       _ssGetDWorkSymbolicDimsId  000000018000a640 f   flightControlSystem_sfun_registry.obj
 0001:000096b0       _ssSetDWorkSymbolicDimsId  000000018000a6b0 f   flightControlSystem_sfun_registry.obj
 0001:00009720       _ssGetCompDWorkSymbolicDimsId 000000018000a720 f   flightControlSystem_sfun_registry.obj
 0001:00009790       _ssSetCompDWorkSymbolicDimsId 000000018000a790 f   flightControlSystem_sfun_registry.obj
 0001:00009800       _ssCreateSLCGStringBuffer  000000018000a800 f   flightControlSystem_sfun_registry.obj
 0001:00009870       _ssAddToSLCGStringBuffer   000000018000a870 f   flightControlSystem_sfun_registry.obj
 0001:000098e0       _ssGetPointerContainedData 000000018000a8e0 f   flightControlSystem_sfun_registry.obj
 0001:00009970       _ssGetPointerContainedDataWidth 000000018000a970 f   flightControlSystem_sfun_registry.obj
 0001:00009a00       _ssRegisterDynamicArrayDataTypeFcn 000000018000aa00 f   flightControlSystem_sfun_registry.obj
 0001:00009aa0       _ssGetDynamicArrayContainedDataCurrentWidthFcn 000000018000aaa0 f   flightControlSystem_sfun_registry.obj
 0001:00009b70       _ssGetDynamicArrayContainedDataFcn 000000018000ab70 f   flightControlSystem_sfun_registry.obj
 0001:00009c40       _ssGetInputPortDynamicArrayDataFcn 000000018000ac40 f   flightControlSystem_sfun_registry.obj
 0001:00009d00       _ssGetOutputPortDynamicArrayDataFcn 000000018000ad00 f   flightControlSystem_sfun_registry.obj
 0001:00009dc0       _ssGetInputPortDynamicArrayContainedDataFcn 000000018000adc0 f   flightControlSystem_sfun_registry.obj
 0001:00009e80       _ssGetOutputPortDynamicArrayContainedDataFcn 000000018000ae80 f   flightControlSystem_sfun_registry.obj
 0001:00009f40       _ssGetDynamicArrayDWorkContainedDataFcn 000000018000af40 f   flightControlSystem_sfun_registry.obj
 0001:0000a000       sf_process_check_sum_call  000000018000b000 f   flightControlSystem_sfun_registry.obj
 0001:0000a050       sf_process_get_third_party_uses_info_call 000000018000b050 f   flightControlSystem_sfun_registry.obj
 0001:0000a280       sf_process_get_jit_fallback_info_call 000000018000b280 f   flightControlSystem_sfun_registry.obj
 0001:0000a4b0       sf_process_get_post_codegen_info_call 000000018000b4b0 f   flightControlSystem_sfun_registry.obj
 0001:0000a6e0       sf_process_get_updateBuildInfo_args_info_call 000000018000b6e0 f   flightControlSystem_sfun_registry.obj
 0001:0000a910       sf_process_get_eml_resolved_functions_info_call 000000018000b910 f   flightControlSystem_sfun_registry.obj
 0001:0000ab40       sf_mex_unlock_call         000000018000bb40 f   flightControlSystem_sfun_registry.obj
 0001:0000ad60       sf_machine_global_initializer_called 000000018000bd60 f   flightControlSystem_sfun_registry.obj
 0001:0000ad90       sf_machine_global_method_dispatcher 000000018000bd90 f   flightControlSystem_sfun_registry.obj
 0001:0000adf0       sf_machine_global_terminator 000000018000bdf0 f   flightControlSystem_sfun_registry.obj
 0001:0000ae30       callCustomFcn              000000018000be30 f   flightControlSystem_sfun_registry.obj
 0001:0000ae40       sf_machine_global_initializer 000000018000be40 f   flightControlSystem_sfun_registry.obj
 0001:0000ae70       mdlGetSimState             000000018000be70 f   flightControlSystem_sfun_registry.obj
 0001:0000aeb0       mdlSetSimState             000000018000beb0 f   flightControlSystem_sfun_registry.obj
 0001:0000b860       ProcessMexSfunctionEveryCall 000000018000c860 f   flightControlSystem_sfun_registry.obj
 0001:0000c9f0       __local_stdio_printf_options 000000018000d9f0 f i flightControlSystem_sfun_registry.obj
 0001:0000ca00       _vsnprintf_l               000000018000da00 f i flightControlSystem_sfun_registry.obj
 0001:0000ca80       _vsprintf_l                000000018000da80 f i flightControlSystem_sfun_registry.obj
 0001:0000cad0       sprintf                    000000018000dad0 f i flightControlSystem_sfun_registry.obj
 0001:0000cb20       mexfilerequiredapiversion  000000018000db20 f   c_mexapi_version.obj
 0001:0000cb50       getBitfieldFromFloat       000000018000db50 f   half_type.obj
 0001:0000cb80       getFloatFromBitfield       000000018000db80 f   half_type.obj
 0001:0000cbb0       getBitfieldFromHalf        000000018000dbb0 f   half_type.obj
 0001:0000cbd0       getHalfFromBitfield        000000018000dbd0 f   half_type.obj
 0001:0000cc00       halfToFloat                000000018000dc00 f   half_type.obj
 0001:0000cd80       halfToDouble               000000018000dd80 f   half_type.obj
 0001:0000cdb0       floatToHalf                000000018000ddb0 f   half_type.obj
 0001:0000d010       doubleToHalf               000000018000e010 f   half_type.obj
 0001:0000d2fb       rgb2hsv_tbb_uint8          000000018000e2fb f   libmwrgb2hsv_tbb:libmwrgb2hsv_tbb.dll
 0001:0000d301       sf_load_rtw_optimization_info 000000018000e301 f   sf_runtime:sf_runtime.dll
 0001:0000d307       sf_mex_decode              000000018000e307 f   sf_runtime:sf_runtime.dll
 0001:0000d30d       sf_init_ChartRunTimeInfo   000000018000e30d f   sf_runtime:sf_runtime.dll
 0001:0000d313       sf_free_ChartRunTimeInfo   000000018000e313 f   sf_runtime:sf_runtime.dll
 0001:0000d319       sf_reset_warnings_ChartRunTimeInfo 000000018000e319 f   sf_runtime:sf_runtime.dll
 0001:0000d31f       sfrtGetEmlrtCtx            000000018000e31f f   sf_runtime:sf_runtime.dll
 0001:0000d325       sf_get_chart_instance_ptr  000000018000e325 f   sf_runtime:sf_runtime.dll
 0001:0000d32b       sfSetAnimationVectors      000000018000e32b f   sf_runtime:sf_runtime.dll
 0001:0000d331       sim_mode_is_rtw_gen        000000018000e331 f   sf_runtime:sf_runtime.dll
 0001:0000d337       sim_mode_is_external       000000018000e337 f   sf_runtime:sf_runtime.dll
 0001:0000d33d       sf_clear_rtw_identifier    000000018000e33d f   sf_runtime:sf_runtime.dll
 0001:0000d343       sf_get_time                000000018000e343 f   sf_runtime:sf_runtime.dll
 0001:0000d349       sf_set_work_widths         000000018000e349 f   sf_runtime:sf_runtime.dll
 0001:0000d34f       mdlProcessParamsCommon     000000018000e34f f   sf_runtime:sf_runtime.dll
 0001:0000d355       sf_mex_error_message       000000018000e355 f   sf_runtime:sf_runtime.dll
 0001:0000d35b       sf_mex_create              000000018000e35b f   sf_runtime:sf_runtime.dll
 0001:0000d361       sf_mex_createcellmatrix    000000018000e361 f   sf_runtime:sf_runtime.dll
 0001:0000d367       sf_mex_setcell             000000018000e367 f   sf_runtime:sf_runtime.dll
 0001:0000d36d       sf_mex_getcell             000000018000e36d f   sf_runtime:sf_runtime.dll
 0001:0000d373       sf_mex_assign              000000018000e373 f   sf_runtime:sf_runtime.dll
 0001:0000d379       sf_mex_dup                 000000018000e379 f   sf_runtime:sf_runtime.dll
 0001:0000d37f       sf_mex_destroy             000000018000e37f f   sf_runtime:sf_runtime.dll
 0001:0000d385       sf_mex_import              000000018000e385 f   sf_runtime:sf_runtime.dll
 0001:0000d38b       ssGetInputPortSignal_wrapper 000000018000e38b f   sf_runtime:sf_runtime.dll
 0001:0000d391       ssGetOutputPortSignal_wrapper 000000018000e391 f   sf_runtime:sf_runtime.dll
 0001:0000d397       sf_get_ChartInfoStruct_CodeGen 000000018000e397 f   sf_runtime:sf_runtime.dll
 0001:0000d39d       sf_get_hasSeparateUpdateOutputs 000000018000e39d f   sf_runtime:sf_runtime.dll
 0001:0000d3a3       callMdlMethodAndReportError 000000018000e3a3 f   sf_runtime:sf_runtime.dll
 0001:0000d3a9       call_sf_machine_global_method_dispatcher 000000018000e3a9 f   sf_runtime:sf_runtime.dll
 0001:0000d3af       getRuntimeInstanceInfoAsVoid 000000018000e3af f   sf_runtime:sf_runtime.dll
 0001:0000d3b5       sf_mex_error_direct_call   000000018000e3b5 f   sf_runtime:sf_runtime.dll
 0001:0000d3bb       sf_clear_error_manager_info 000000018000e3bb f   sf_runtime:sf_runtime.dll
 0001:0000d3c1       mxIsChar_800               000000018000e3c1 f   libmx:libmx.dll
 0001:0000d3c7       mxGetScalar_800            000000018000e3c7 f   libmx:libmx.dll
 0001:0000d3cd       mxGetPr_800                000000018000e3cd f   libmx:libmx.dll
 0001:0000d3d3       mxDestroyArray_800         000000018000e3d3 f   libmx:libmx.dll
 0001:0000d3d9       mxCreateDoubleMatrix_800   000000018000e3d9 f   libmx:libmx.dll
 0001:0000d3df       mxGetString_800            000000018000e3df f   libmx:libmx.dll
 0001:0000d3e5       mxDuplicateArray_800       000000018000e3e5 f   libmx:libmx.dll
 0001:0000d3eb       mxSetCell_800              000000018000e3eb f   libmx:libmx.dll
 0001:0000d3f1       mxSetField_800             000000018000e3f1 f   libmx:libmx.dll
 0001:0000d3f7       mxCreateString_800         000000018000e3f7 f   libmx:libmx.dll
 0001:0000d3fd       mxCreateCellMatrix_800     000000018000e3fd f   libmx:libmx.dll
 0001:0000d403       mxCreateStructMatrix_800   000000018000e403 f   libmx:libmx.dll
 0001:0000d409       mxCalloc_800               000000018000e409 f   libmx:libmx.dll
 0001:0000d40f       mxGetM_800                 000000018000e40f f   libmx:libmx.dll
 0001:0000d415       mxGetClassID_800           000000018000e415 f   libmx:libmx.dll
 0001:0000d41b       mxIsNumeric_800            000000018000e41b f   libmx:libmx.dll
 0001:0000d421       mxIsComplex_800            000000018000e421 f   libmx:libmx.dll
 0001:0000d427       mxGetN_800                 000000018000e427 f   libmx:libmx.dll
 0001:0000d42d       mxCreateDoubleScalar_800   000000018000e42d f   libmx:libmx.dll
 0001:0000d433       mexMakeArrayPersistent_800 000000018000e433 f   libmex:libmex.dll
 0001:0000d439       mexErrMsgTxt_800           000000018000e439 f   libmex:libmex.dll
 0001:0000d43f       mexWarnMsgTxt_800          000000018000e43f f   libmex:libmex.dll
 0001:0000d445       mexCallMATLAB_800          000000018000e445 f   libmex:libmex.dll
 0001:0000d44b       mexLock_800                000000018000e44b f   libmex:libmex.dll
 0001:0000d451       mexUnlock_800              000000018000e451 f   libmex:libmex.dll
 0001:0000d457       mexIsLocked_800            000000018000e457 f   libmex:libmex.dll
 0001:0000d45d       utMalloc                   000000018000e45d f   libut:libut.dll
 0001:0000d463       utFree                     000000018000e463 f   libut:libut.dll
 0001:0000d46c       __raise_securityfailure    000000018000e46c f   MSVCRT:gs_report.obj
 0001:0000d4a0       __report_gsfailure         000000018000e4a0 f   MSVCRT:gs_report.obj
 0001:0000d574       __report_rangecheckfailure 000000018000e574 f   MSVCRT:gs_report.obj
 0001:0000d588       __report_securityfailure   000000018000e588 f   MSVCRT:gs_report.obj
 0001:0000d628       __report_securityfailureEx 000000018000e628 f   MSVCRT:gs_report.obj
 0001:0000d81c       __GSHandlerCheck           000000018000e81c f   MSVCRT:gshandler.obj
 0001:0000d83c       __GSHandlerCheckCommon     000000018000e83c f   MSVCRT:gshandler.obj
 0001:0000d8b0       __security_check_cookie    000000018000e8b0 f   MSVCRT:amdsecgs.obj
 0001:0000d8e0       __chkstk                   000000018000e8e0 f   MSVCRT:chkstk.obj
 0001:0000d8e0       _alloca_probe              000000018000e8e0 f   MSVCRT:chkstk.obj
 0001:0000dc5c       _CRT_INIT                  000000018000ec5c f   MSVCRT:dll_dllmain.obj
 0001:0000dc64       _DllMainCRTStartup         000000018000ec64 f   MSVCRT:dll_dllmain.obj
 0001:0000dd10       __security_init_cookie     000000018000ed10 f   MSVCRT:gs_support.obj
 0001:0000ddbc       DllMain                    000000018000edbc f   MSVCRT:dll_dllmain_stub.obj
 0001:0000dde0       ?__scrt_initialize_type_info@@YAXXZ 000000018000ede0 f   MSVCRT:tncleanup.obj
 0001:0000ddf0       ?__scrt_uninitialize_type_info@@YAXXZ 000000018000edf0 f   MSVCRT:tncleanup.obj
 0001:0000ddfc       __local_stdio_scanf_options 000000018000edfc f i MSVCRT:default_local_stdio_options.obj
 0001:0000de04       __scrt_initialize_default_local_stdio_options 000000018000ee04 f   MSVCRT:default_local_stdio_options.obj
 0001:0000de20       ?configure_argv@__scrt_narrow_argv_policy@@SAHXZ 000000018000ee20 f i MSVCRT:utility.obj
 0001:0000de80       ?initialize_environment@__scrt_narrow_environment_policy@@SAHXZ 000000018000ee80 f i MSVCRT:utility.obj
 0001:0000deb8       NtCurrentTeb               000000018000eeb8 f i MSVCRT:utility.obj
 0001:0000dec4       __scrt_acquire_startup_lock 000000018000eec4 f   MSVCRT:utility.obj
 0001:0000df00       __scrt_dllmain_after_initialize_c 000000018000ef00 f   MSVCRT:utility.obj
 0001:0000df34       __scrt_dllmain_before_initialize_c 000000018000ef34 f   MSVCRT:utility.obj
 0001:0000df4c       __scrt_dllmain_crt_thread_attach 000000018000ef4c f   MSVCRT:utility.obj
 0001:0000df74       __scrt_dllmain_crt_thread_detach 000000018000ef74 f   MSVCRT:utility.obj
 0001:0000df8c       __scrt_dllmain_exception_filter 000000018000ef8c f   MSVCRT:utility.obj
 0001:0000dfec       __scrt_dllmain_uninitialize_c 000000018000efec f   MSVCRT:utility.obj
 0001:0000e01c       __scrt_dllmain_uninitialize_critical 000000018000f01c f   MSVCRT:utility.obj
 0001:0000e030       __scrt_initialize_crt      000000018000f030 f   MSVCRT:utility.obj
 0001:0000e06c       __scrt_initialize_onexit_tables 000000018000f06c f   MSVCRT:utility.obj
 0001:0000e0f8       __scrt_is_nonwritable_in_current_image 000000018000f0f8 f   MSVCRT:utility.obj
 0001:0000e190       __scrt_release_startup_lock 000000018000f190 f   MSVCRT:utility.obj
 0001:0000e1b4       __scrt_uninitialize_crt    000000018000f1b4 f   MSVCRT:utility.obj
 0001:0000e1e0       _onexit                    000000018000f1e0 f   MSVCRT:utility.obj
 0001:0000e21c       at_quick_exit              000000018000f21c f   MSVCRT:utility.obj
 0001:0000e23c       atexit                     000000018000f23c f   MSVCRT:utility.obj
 0001:0000e254       __scrt_get_dyn_tls_init_callback 000000018000f254 f   MSVCRT:dyn_tls_init.obj
 0001:0000e25c       __crt_debugger_hook        000000018000f25c f   MSVCRT:utility_desktop.obj
 0001:0000e264       __scrt_fastfail            000000018000f264 f   MSVCRT:utility_desktop.obj
 0001:0000e3ac       __scrt_get_show_window_mode 000000018000f3ac f   MSVCRT:utility_desktop.obj
 0001:0000e3e8       __scrt_initialize_mta      000000018000f3e8 f   MSVCRT:utility_desktop.obj
 0001:0000e3f0       __scrt_initialize_winrt    000000018000f3f0 f   MSVCRT:utility_desktop.obj
 0001:0000e3f4       __scrt_is_managed_app      000000018000f3f4 f   MSVCRT:utility_desktop.obj
 0001:0000e448       __scrt_set_unhandled_exception_filter 000000018000f448 f   MSVCRT:utility_desktop.obj
 0001:0000e458       __scrt_exe_initialize_mta  000000018000f458 f   MSVCRT:utility_desktop.obj
 0001:0000e458       __scrt_stub_for_initialize_mta 000000018000f458 f   MSVCRT:utility_desktop.obj
 0001:0000e45c       __scrt_unhandled_exception_filter 000000018000f45c f   MSVCRT:utility_desktop.obj
 0001:0000e4b8       _RTC_Initialize            000000018000f4b8 f   MSVCRT:initsect.obj
 0001:0000e4f4       _RTC_Terminate             000000018000f4f4 f   MSVCRT:initsect.obj
 0001:0000e530       _guard_check_icall_nop     000000018000f530 f i MSVCRT:guard_support.obj
 0001:0000e534       ReadNoFence64              000000018000f534 f i MSVCRT:guard_support.obj
 0001:0000e538       ReadPointerNoFence         000000018000f538 f i MSVCRT:guard_support.obj
 0001:0000e53c       __castguard_check_failure_debugbreak 000000018000f53c f i MSVCRT:guard_support.obj
 0001:0000e558       __castguard_check_failure_fastfail 000000018000f558 f i MSVCRT:guard_support.obj
 0001:0000e57c       __castguard_check_failure_nop 000000018000f57c f i MSVCRT:guard_support.obj
 0001:0000e580       __castguard_check_failure_os_handled 000000018000f580 f i MSVCRT:guard_support.obj
 0001:0000e5cc       __castguard_check_failure_user_handled 000000018000f5cc f i MSVCRT:guard_support.obj
 0001:0000e640       __castguard_set_user_handler 000000018000f640 f i MSVCRT:guard_support.obj
 0001:0000e64c       __castguard_slow_path_check_debugbreak 000000018000f64c f i MSVCRT:guard_support.obj
 0001:0000e680       __castguard_slow_path_check_fastfail 000000018000f680 f i MSVCRT:guard_support.obj
 0001:0000e6bc       __castguard_slow_path_check_nop 000000018000f6bc f i MSVCRT:guard_support.obj
 0001:0000e6c0       __castguard_slow_path_check_os_handled 000000018000f6c0 f i MSVCRT:guard_support.obj
 0001:0000e70c       __castguard_slow_path_check_user_handled 000000018000f70c f i MSVCRT:guard_support.obj
 0001:0000e778       _guard_icall_checks_enforced 000000018000f778 f i MSVCRT:guard_support.obj
 0001:0000e790       _guard_rf_checks_enforced  000000018000f790 f i MSVCRT:guard_support.obj
 0001:0000e794       __isa_available_init       000000018000f794 f   MSVCRT:cpu_disp.obj
 0001:0000ea60       _get_startup_argv_mode     000000018000fa60 f   MSVCRT:argv_mode.obj
 0001:0000ea68       __scrt_is_ucrt_dll_in_use  000000018000fa68 f   MSVCRT:ucrt_detection.obj
 0001:0000ea80       RtlCaptureContext          000000018000fa80 f   kernel32:KERNEL32.dll
 0001:0000ea86       RtlLookupFunctionEntry     000000018000fa86 f   kernel32:KERNEL32.dll
 0001:0000ea8c       RtlVirtualUnwind           000000018000fa8c f   kernel32:KERNEL32.dll
 0001:0000ea92       UnhandledExceptionFilter   000000018000fa92 f   kernel32:KERNEL32.dll
 0001:0000ea98       SetUnhandledExceptionFilter 000000018000fa98 f   kernel32:KERNEL32.dll
 0001:0000ea9e       GetCurrentProcess          000000018000fa9e f   kernel32:KERNEL32.dll
 0001:0000eaa4       TerminateProcess           000000018000faa4 f   kernel32:KERNEL32.dll
 0001:0000eaaa       IsProcessorFeaturePresent  000000018000faaa f   kernel32:KERNEL32.dll
 0001:0000eab0       QueryPerformanceCounter    000000018000fab0 f   kernel32:KERNEL32.dll
 0001:0000eab6       GetCurrentProcessId        000000018000fab6 f   kernel32:KERNEL32.dll
 0001:0000eabc       GetCurrentThreadId         000000018000fabc f   kernel32:KERNEL32.dll
 0001:0000eac2       GetSystemTimeAsFileTime    000000018000fac2 f   kernel32:KERNEL32.dll
 0001:0000eac8       DisableThreadLibraryCalls  000000018000fac8 f   kernel32:KERNEL32.dll
 0001:0000eace       InitializeSListHead        000000018000face f   kernel32:KERNEL32.dll
 0001:0000ead4       IsDebuggerPresent          000000018000fad4 f   kernel32:KERNEL32.dll
 0001:0000eada       GetStartupInfoW            000000018000fada f   kernel32:KERNEL32.dll
 0001:0000eae0       GetModuleHandleW           000000018000fae0 f   kernel32:KERNEL32.dll
 0001:0000eae6       memset                     000000018000fae6 f   vcruntime:VCRUNTIME140.dll
 0001:0000eaec       memcpy                     000000018000faec f   vcruntime:VCRUNTIME140.dll
 0001:0000eaf2       __C_specific_handler       000000018000faf2 f   vcruntime:VCRUNTIME140.dll
 0001:0000eaf8       __std_type_info_destroy_list 000000018000faf8 f   vcruntime:VCRUNTIME140.dll
 0001:0000eafe       __current_exception        000000018000fafe f   vcruntime:VCRUNTIME140.dll
 0001:0000eb04       __current_exception_context 000000018000fb04 f   vcruntime:VCRUNTIME140.dll
 0001:0000eb0a       strcmp                     000000018000fb0a f   ucrt:api-ms-win-crt-string-l1-1-0.dll
 0001:0000eb10       strcat                     000000018000fb10 f   ucrt:api-ms-win-crt-string-l1-1-0.dll
 0001:0000eb16       __stdio_common_vsprintf    000000018000fb16 f   ucrt:api-ms-win-crt-stdio-l1-1-0.dll
 0001:0000eb1c       free                       000000018000fb1c f   ucrt:api-ms-win-crt-heap-l1-1-0.dll
 0001:0000eb22       malloc                     000000018000fb22 f   ucrt:api-ms-win-crt-heap-l1-1-0.dll
 0001:0000eb28       strlen                     000000018000fb28 f   ucrt:api-ms-win-crt-string-l1-1-0.dll
 0001:0000eb2e       _initterm                  000000018000fb2e f   ucrt:api-ms-win-crt-runtime-l1-1-0.dll
 0001:0000eb34       _initterm_e                000000018000fb34 f   ucrt:api-ms-win-crt-runtime-l1-1-0.dll
 0001:0000eb3a       _seh_filter_dll            000000018000fb3a f   ucrt:api-ms-win-crt-runtime-l1-1-0.dll
 0001:0000eb40       _configure_narrow_argv     000000018000fb40 f   ucrt:api-ms-win-crt-runtime-l1-1-0.dll
 0001:0000eb46       _initialize_narrow_environment 000000018000fb46 f   ucrt:api-ms-win-crt-runtime-l1-1-0.dll
 0001:0000eb4c       _initialize_onexit_table   000000018000fb4c f   ucrt:api-ms-win-crt-runtime-l1-1-0.dll
 0001:0000eb52       _register_onexit_function  000000018000fb52 f   ucrt:api-ms-win-crt-runtime-l1-1-0.dll
 0001:0000eb58       _execute_onexit_table      000000018000fb58 f   ucrt:api-ms-win-crt-runtime-l1-1-0.dll
 0001:0000eb5e       _crt_atexit                000000018000fb5e f   ucrt:api-ms-win-crt-runtime-l1-1-0.dll
 0001:0000eb64       _crt_at_quick_exit         000000018000fb64 f   ucrt:api-ms-win-crt-runtime-l1-1-0.dll
 0001:0000eb6a       _cexit                     000000018000fb6a f   ucrt:api-ms-win-crt-runtime-l1-1-0.dll
 0001:0000eb70       terminate                  000000018000fb70 f   ucrt:api-ms-win-crt-runtime-l1-1-0.dll
 0001:0000eb78       __acrt_initialize          000000018000fb78 f   MSVCRT:ucrt_stubs.obj
 0001:0000eb78       __scrt_stub_for_acrt_initialize 000000018000fb78 f   MSVCRT:ucrt_stubs.obj
 0001:0000eb78       __vcrt_initialize          000000018000fb78 f   MSVCRT:ucrt_stubs.obj
 0001:0000eb7c       __acrt_thread_attach       000000018000fb7c f   MSVCRT:ucrt_stubs.obj
 0001:0000eb7c       __scrt_stub_for_acrt_thread_attach 000000018000fb7c f   MSVCRT:ucrt_stubs.obj
 0001:0000eb7c       __vcrt_thread_attach       000000018000fb7c f   MSVCRT:ucrt_stubs.obj
 0001:0000eb80       __acrt_thread_detach       000000018000fb80 f   MSVCRT:ucrt_stubs.obj
 0001:0000eb80       __scrt_stub_for_acrt_thread_detach 000000018000fb80 f   MSVCRT:ucrt_stubs.obj
 0001:0000eb80       __vcrt_thread_detach       000000018000fb80 f   MSVCRT:ucrt_stubs.obj
 0001:0000eb84       __acrt_uninitialize        000000018000fb84 f   MSVCRT:ucrt_stubs.obj
 0001:0000eb84       __scrt_stub_for_acrt_uninitialize 000000018000fb84 f   MSVCRT:ucrt_stubs.obj
 0001:0000eb84       __vcrt_uninitialize        000000018000fb84 f   MSVCRT:ucrt_stubs.obj
 0001:0000eb88       __acrt_uninitialize_critical 000000018000fb88 f   MSVCRT:ucrt_stubs.obj
 0001:0000eb88       __scrt_stub_for_acrt_uninitialize_critical 000000018000fb88 f   MSVCRT:ucrt_stubs.obj
 0001:0000eb88       __vcrt_uninitialize_critical 000000018000fb88 f   MSVCRT:ucrt_stubs.obj
 0001:0000eb8c       __scrt_stub_for_is_c_termination_complete 000000018000fb8c f   MSVCRT:ucrt_stubs.obj
 0001:0000eb8c       _is_c_termination_complete 000000018000fb8c f   MSVCRT:ucrt_stubs.obj
 0001:0000eba0       _guard_dispatch_icall_nop  000000018000fba0 f   MSVCRT:guard_dispatch.obj
 0001:0000ebc0       _guard_xfg_dispatch_icall_nop 000000018000fbc0 f   MSVCRT:guard_xfg_dispatch.obj
 0002:00000000       __imp_RtlCaptureContext    0000000180010000     kernel32:KERNEL32.dll
 0002:00000008       __imp_RtlLookupFunctionEntry 0000000180010008     kernel32:KERNEL32.dll
 0002:00000010       __imp_RtlVirtualUnwind     0000000180010010     kernel32:KERNEL32.dll
 0002:00000018       __imp_UnhandledExceptionFilter 0000000180010018     kernel32:KERNEL32.dll
 0002:00000020       __imp_SetUnhandledExceptionFilter 0000000180010020     kernel32:KERNEL32.dll
 0002:00000028       __imp_GetCurrentProcess    0000000180010028     kernel32:KERNEL32.dll
 0002:00000030       __imp_TerminateProcess     0000000180010030     kernel32:KERNEL32.dll
 0002:00000038       __imp_IsProcessorFeaturePresent 0000000180010038     kernel32:KERNEL32.dll
 0002:00000040       __imp_QueryPerformanceCounter 0000000180010040     kernel32:KERNEL32.dll
 0002:00000048       __imp_GetCurrentProcessId  0000000180010048     kernel32:KERNEL32.dll
 0002:00000050       __imp_GetCurrentThreadId   0000000180010050     kernel32:KERNEL32.dll
 0002:00000058       __imp_GetSystemTimeAsFileTime 0000000180010058     kernel32:KERNEL32.dll
 0002:00000060       __imp_DisableThreadLibraryCalls 0000000180010060     kernel32:KERNEL32.dll
 0002:00000068       __imp_InitializeSListHead  0000000180010068     kernel32:KERNEL32.dll
 0002:00000070       __imp_IsDebuggerPresent    0000000180010070     kernel32:KERNEL32.dll
 0002:00000078       __imp_GetStartupInfoW      0000000180010078     kernel32:KERNEL32.dll
 0002:00000080       __imp_GetModuleHandleW     0000000180010080     kernel32:KERNEL32.dll
 0002:00000088       \177KERNEL32_NULL_THUNK_DATA 0000000180010088     kernel32:KERNEL32.dll
 0002:00000090       __imp_memset               0000000180010090     vcruntime:VCRUNTIME140.dll
 0002:00000098       __imp_memcpy               0000000180010098     vcruntime:VCRUNTIME140.dll
 0002:000000a0       __imp___C_specific_handler 00000001800100a0     vcruntime:VCRUNTIME140.dll
 0002:000000a8       __imp___std_type_info_destroy_list 00000001800100a8     vcruntime:VCRUNTIME140.dll
 0002:000000b0       __imp___current_exception  00000001800100b0     vcruntime:VCRUNTIME140.dll
 0002:000000b8       __imp___current_exception_context 00000001800100b8     vcruntime:VCRUNTIME140.dll
 0002:000000c0       \177VCRUNTIME140_NULL_THUNK_DATA 00000001800100c0     vcruntime:VCRUNTIME140.dll
 0002:000000c8       __imp_malloc               00000001800100c8     ucrt:api-ms-win-crt-heap-l1-1-0.dll
 0002:000000d0       __imp_free                 00000001800100d0     ucrt:api-ms-win-crt-heap-l1-1-0.dll
 0002:000000d8       \177api-ms-win-crt-heap-l1-1-0_NULL_THUNK_DATA 00000001800100d8     ucrt:api-ms-win-crt-heap-l1-1-0.dll
 0002:000000e0       __imp__cexit               00000001800100e0     ucrt:api-ms-win-crt-runtime-l1-1-0.dll
 0002:000000e8       __imp_terminate            00000001800100e8     ucrt:api-ms-win-crt-runtime-l1-1-0.dll
 0002:000000f0       __imp__crt_at_quick_exit   00000001800100f0     ucrt:api-ms-win-crt-runtime-l1-1-0.dll
 0002:000000f8       __imp__initterm            00000001800100f8     ucrt:api-ms-win-crt-runtime-l1-1-0.dll
 0002:00000100       __imp__initterm_e          0000000180010100     ucrt:api-ms-win-crt-runtime-l1-1-0.dll
 0002:00000108       __imp__seh_filter_dll      0000000180010108     ucrt:api-ms-win-crt-runtime-l1-1-0.dll
 0002:00000110       __imp__configure_narrow_argv 0000000180010110     ucrt:api-ms-win-crt-runtime-l1-1-0.dll
 0002:00000118       __imp__initialize_narrow_environment 0000000180010118     ucrt:api-ms-win-crt-runtime-l1-1-0.dll
 0002:00000120       __imp__initialize_onexit_table 0000000180010120     ucrt:api-ms-win-crt-runtime-l1-1-0.dll
 0002:00000128       __imp__register_onexit_function 0000000180010128     ucrt:api-ms-win-crt-runtime-l1-1-0.dll
 0002:00000130       __imp__execute_onexit_table 0000000180010130     ucrt:api-ms-win-crt-runtime-l1-1-0.dll
 0002:00000138       __imp__crt_atexit          0000000180010138     ucrt:api-ms-win-crt-runtime-l1-1-0.dll
 0002:00000140       \177api-ms-win-crt-runtime-l1-1-0_NULL_THUNK_DATA 0000000180010140     ucrt:api-ms-win-crt-runtime-l1-1-0.dll
 0002:00000148       __imp___stdio_common_vsprintf 0000000180010148     ucrt:api-ms-win-crt-stdio-l1-1-0.dll
 0002:00000150       \177api-ms-win-crt-stdio-l1-1-0_NULL_THUNK_DATA 0000000180010150     ucrt:api-ms-win-crt-stdio-l1-1-0.dll
 0002:00000158       __imp_strcat               0000000180010158     ucrt:api-ms-win-crt-string-l1-1-0.dll
 0002:00000160       __imp_strcmp               0000000180010160     ucrt:api-ms-win-crt-string-l1-1-0.dll
 0002:00000168       __imp_strlen               0000000180010168     ucrt:api-ms-win-crt-string-l1-1-0.dll
 0002:00000170       \177api-ms-win-crt-string-l1-1-0_NULL_THUNK_DATA 0000000180010170     ucrt:api-ms-win-crt-string-l1-1-0.dll
 0002:00000178       __imp_mexIsLocked_800      0000000180010178     libmex:libmex.dll
 0002:00000180       __imp_mexUnlock_800        0000000180010180     libmex:libmex.dll
 0002:00000188       __imp_mexLock_800          0000000180010188     libmex:libmex.dll
 0002:00000190       __imp_mexCallMATLAB_800    0000000180010190     libmex:libmex.dll
 0002:00000198       __imp_mexWarnMsgTxt_800    0000000180010198     libmex:libmex.dll
 0002:000001a0       __imp_mexErrMsgTxt_800     00000001800101a0     libmex:libmex.dll
 0002:000001a8       __imp_mexMakeArrayPersistent_800 00000001800101a8     libmex:libmex.dll
 0002:000001b0       \177libmex_NULL_THUNK_DATA 00000001800101b0     libmex:libmex.dll
 0002:000001b8       __imp_rgb2hsv_tbb_uint8    00000001800101b8     libmwrgb2hsv_tbb:libmwrgb2hsv_tbb.dll
 0002:000001c0       \177libmwrgb2hsv_tbb_NULL_THUNK_DATA 00000001800101c0     libmwrgb2hsv_tbb:libmwrgb2hsv_tbb.dll
 0002:000001c8       __imp_mxIsNumeric_800      00000001800101c8     libmx:libmx.dll
 0002:000001d0       __imp_mxGetN_800           00000001800101d0     libmx:libmx.dll
 0002:000001d8       __imp_mxGetM_800           00000001800101d8     libmx:libmx.dll
 0002:000001e0       __imp_mxCalloc_800         00000001800101e0     libmx:libmx.dll
 0002:000001e8       __imp_mxCreateDoubleScalar_800 00000001800101e8     libmx:libmx.dll
 0002:000001f0       __imp_mxGetClassID_800     00000001800101f0     libmx:libmx.dll
 0002:000001f8       __imp_mxIsComplex_800      00000001800101f8     libmx:libmx.dll
 0002:00000200       __imp_mxGetPr_800          0000000180010200     libmx:libmx.dll
 0002:00000208       __imp_mxIsChar_800         0000000180010208     libmx:libmx.dll
 0002:00000210       __imp_mxCreateStructMatrix_800 0000000180010210     libmx:libmx.dll
 0002:00000218       __imp_mxCreateCellMatrix_800 0000000180010218     libmx:libmx.dll
 0002:00000220       __imp_mxCreateString_800   0000000180010220     libmx:libmx.dll
 0002:00000228       __imp_mxSetField_800       0000000180010228     libmx:libmx.dll
 0002:00000230       __imp_mxSetCell_800        0000000180010230     libmx:libmx.dll
 0002:00000238       __imp_mxDuplicateArray_800 0000000180010238     libmx:libmx.dll
 0002:00000240       __imp_mxGetString_800      0000000180010240     libmx:libmx.dll
 0002:00000248       __imp_mxCreateDoubleMatrix_800 0000000180010248     libmx:libmx.dll
 0002:00000250       __imp_mxDestroyArray_800   0000000180010250     libmx:libmx.dll
 0002:00000258       __imp_mxGetScalar_800      0000000180010258     libmx:libmx.dll
 0002:00000260       \177libmx_NULL_THUNK_DATA  0000000180010260     libmx:libmx.dll
 0002:00000268       __imp_utMalloc             0000000180010268     libut:libut.dll
 0002:00000270       __imp_utFree               0000000180010270     libut:libut.dll
 0002:00000278       \177libut_NULL_THUNK_DATA  0000000180010278     libut:libut.dll
 0002:00000280       __imp_getRuntimeInstanceInfoAsVoid 0000000180010280     sf_runtime:sf_runtime.dll
 0002:00000288       __imp_call_sf_machine_global_method_dispatcher 0000000180010288     sf_runtime:sf_runtime.dll
 0002:00000290       __imp_sf_mex_error_direct_call 0000000180010290     sf_runtime:sf_runtime.dll
 0002:00000298       __imp_sf_clear_error_manager_info 0000000180010298     sf_runtime:sf_runtime.dll
 0002:000002a0       __imp_sf_get_hasSeparateUpdateOutputs 00000001800102a0     sf_runtime:sf_runtime.dll
 0002:000002a8       __imp_sf_get_ChartInfoStruct_CodeGen 00000001800102a8     sf_runtime:sf_runtime.dll
 0002:000002b0       __imp_ssGetOutputPortSignal_wrapper 00000001800102b0     sf_runtime:sf_runtime.dll
 0002:000002b8       __imp_ssGetInputPortSignal_wrapper 00000001800102b8     sf_runtime:sf_runtime.dll
 0002:000002c0       __imp_sf_mex_import        00000001800102c0     sf_runtime:sf_runtime.dll
 0002:000002c8       __imp_sf_mex_destroy       00000001800102c8     sf_runtime:sf_runtime.dll
 0002:000002d0       __imp_sf_mex_dup           00000001800102d0     sf_runtime:sf_runtime.dll
 0002:000002d8       __imp_sf_mex_assign        00000001800102d8     sf_runtime:sf_runtime.dll
 0002:000002e0       __imp_sf_mex_getcell       00000001800102e0     sf_runtime:sf_runtime.dll
 0002:000002e8       __imp_sf_mex_setcell       00000001800102e8     sf_runtime:sf_runtime.dll
 0002:000002f0       __imp_sf_mex_createcellmatrix 00000001800102f0     sf_runtime:sf_runtime.dll
 0002:000002f8       __imp_sf_mex_create        00000001800102f8     sf_runtime:sf_runtime.dll
 0002:00000300       __imp_sf_mex_error_message 0000000180010300     sf_runtime:sf_runtime.dll
 0002:00000308       __imp_mdlProcessParamsCommon 0000000180010308     sf_runtime:sf_runtime.dll
 0002:00000310       __imp_sf_set_work_widths   0000000180010310     sf_runtime:sf_runtime.dll
 0002:00000318       __imp_sf_get_time          0000000180010318     sf_runtime:sf_runtime.dll
 0002:00000320       __imp_sf_clear_rtw_identifier 0000000180010320     sf_runtime:sf_runtime.dll
 0002:00000328       __imp_sim_mode_is_external 0000000180010328     sf_runtime:sf_runtime.dll
 0002:00000330       __imp_sim_mode_is_rtw_gen  0000000180010330     sf_runtime:sf_runtime.dll
 0002:00000338       __imp_sfSetAnimationVectors 0000000180010338     sf_runtime:sf_runtime.dll
 0002:00000340       __imp_sf_get_chart_instance_ptr 0000000180010340     sf_runtime:sf_runtime.dll
 0002:00000348       __imp_sfrtGetEmlrtCtx      0000000180010348     sf_runtime:sf_runtime.dll
 0002:00000350       __imp_sf_reset_warnings_ChartRunTimeInfo 0000000180010350     sf_runtime:sf_runtime.dll
 0002:00000358       __imp_sf_free_ChartRunTimeInfo 0000000180010358     sf_runtime:sf_runtime.dll
 0002:00000360       __imp_sf_init_ChartRunTimeInfo 0000000180010360     sf_runtime:sf_runtime.dll
 0002:00000368       __imp_sf_mex_decode        0000000180010368     sf_runtime:sf_runtime.dll
 0002:00000370       __imp_sf_load_rtw_optimization_info 0000000180010370     sf_runtime:sf_runtime.dll
 0002:00000378       __imp_callMdlMethodAndReportError 0000000180010378     sf_runtime:sf_runtime.dll
 0002:00000380       \177sf_runtime_NULL_THUNK_DATA 0000000180010380     sf_runtime:sf_runtime.dll
 0002:00000388       __guard_check_icall_fptr   0000000180010388     MSVCRT:guard_support.obj
 0002:00000390       __guard_xfg_check_icall_fptr 0000000180010390     MSVCRT:guard_support.obj
 0002:00000398       __guard_dispatch_icall_fptr 0000000180010398     MSVCRT:guard_support.obj
 0002:000003a0       __guard_xfg_dispatch_icall_fptr 00000001800103a0     MSVCRT:guard_support.obj
 0002:000003a8       __guard_xfg_table_dispatch_icall_fptr 00000001800103a8     MSVCRT:guard_support.obj
 0002:000003b0       __castguard_check_failure_os_handled_fptr 00000001800103b0     MSVCRT:guard_support.obj
 0002:000003b8       __guard_memcpy_fptr        00000001800103b8     vcruntime:softmemtag.obj
 0002:000003c0       __xc_a                     00000001800103c0     MSVCRT:initializers.obj
 0002:000003c8       __xc_z                     00000001800103c8     MSVCRT:initializers.obj
 0002:000003d0       __xi_a                     00000001800103d0     MSVCRT:initializers.obj
 0002:000003d8       __xi_z                     00000001800103d8     MSVCRT:initializers.obj
 0002:000003e0       __xp_a                     00000001800103e0     MSVCRT:initializers.obj
 0002:000003e8       __xp_z                     00000001800103e8     MSVCRT:initializers.obj
 0002:000003f0       __xt_a                     00000001800103f0     MSVCRT:initializers.obj
 0002:000003f8       __xt_z                     00000001800103f8     MSVCRT:initializers.obj
 0002:00000400       __real@4172fd5230000000    0000000180010400     flightControlSystem_sfun.obj
 0002:00000408       __real@41b772384c000000    0000000180010408     flightControlSystem_sfun.obj
 0002:00000410       __real@41b92f8712000000    0000000180010410     flightControlSystem_sfun.obj
 0002:00000418       __real@41bad2f744000000    0000000180010418     flightControlSystem_sfun.obj
 0002:00000420       __real@41d8b5e44f000000    0000000180010420     flightControlSystem_sfun.obj
 0002:00000428       __real@41dab2d290400000    0000000180010428     flightControlSystem_sfun.obj
 0002:00000430       __real@41e19e24eda00000    0000000180010430     flightControlSystem_sfun.obj
 0002:00000438       __real@41e3f2a9e2200000    0000000180010438     flightControlSystem_sfun.obj
 0002:00000440       __real@41e3fa3198000000    0000000180010440     flightControlSystem_sfun.obj
 0002:00000448       __real@41e81f0161a00000    0000000180010448     flightControlSystem_sfun.obj
 0002:00000450       __real@41eae9c997600000    0000000180010450     flightControlSystem_sfun.obj
 0002:00000458       __real@41eb6d7d06e00000    0000000180010458     flightControlSystem_sfun.obj
 0002:00000460       __real@3fad2f1a9fbe76c9    0000000180010460     c1_flightControlSystem.obj
 0002:00000468       __real@3fd6353f7ced9168    0000000180010468     c1_flightControlSystem.obj
 0002:00000470       __real@3fdee978d4fdf3b6    0000000180010470     c1_flightControlSystem.obj
 0002:00000478       __real@3fea9fbe76c8b439    0000000180010478     c1_flightControlSystem.obj
 0002:00000480       __real@3ff0000000000000    0000000180010480     c1_flightControlSystem.obj
 0002:00000488       __real@40d2c00000000000    0000000180010488     c1_flightControlSystem.obj
 0002:00000490       __real@41d015342bc00000    0000000180010490     c1_flightControlSystem.obj
 0002:00000498       __real@41d6872065800000    0000000180010498     c1_flightControlSystem.obj
 0002:000004a0       __real@41e2b0277d400000    00000001800104a0     c1_flightControlSystem.obj
 0002:000004a8       __real@41e4f9a71d800000    00000001800104a8     c1_flightControlSystem.obj
 0002:000004b0       DYNAMIC_DIMENSION_DEF      00000001800104b0     flightControlSystem_sfun_registry.obj
 0002:000004c8       __real@0000000000000000    00000001800104c8     flightControlSystem_sfun_registry.obj
 0002:000004d0       __real@4010000000000000    00000001800104d0     flightControlSystem_sfun_registry.obj
 0002:000004d8       __real@41602cbca0000000    00000001800104d8     flightControlSystem_sfun_registry.obj
 0002:000004e0       __real@bff0000000000000    00000001800104e0     flightControlSystem_sfun_registry.obj
 0002:000004f8       _pDefaultRawDllMain        00000001800104f8     MSVCRT:dll_dllmain.obj
 0002:000004f8       _pRawDllMain               00000001800104f8     MSVCRT:dll_dllmain.obj
 0002:00000500       __xmm@ffffffffffffffffffffffffffffffff 0000000180010500     MSVCRT:utility.obj
 0002:00000510       _load_config_used          0000000180010510     MSVCRT:loadcfg.obj
 0002:00000680       __CastGuardVftablesStart   0000000180010680     MSVCRT:guard_support.obj
 0002:00000700       __CastGuardVftablesEnd     0000000180010700     MSVCRT:guard_support.obj
 0002:00000780       __volatile_metadata        0000000180010780     <linker-defined>
 0002:00000b80       __rtc_iaa                  0000000180010b80     MSVCRT:initsect.obj
 0002:00000b88       __rtc_izz                  0000000180010b88     MSVCRT:initsect.obj
 0002:00000b90       __rtc_taa                  0000000180010b90     MSVCRT:initsect.obj
 0002:00000b98       __rtc_tzz                  0000000180010b98     MSVCRT:initsect.obj
 0002:00001604       __IMPORT_DESCRIPTOR_libmwrgb2hsv_tbb 0000000180011604     libmwrgb2hsv_tbb:libmwrgb2hsv_tbb.dll
 0002:00001618       __IMPORT_DESCRIPTOR_sf_runtime 0000000180011618     sf_runtime:sf_runtime.dll
 0002:0000162c       __IMPORT_DESCRIPTOR_libmx  000000018001162c     libmx:libmx.dll
 0002:00001640       __IMPORT_DESCRIPTOR_libmex 0000000180011640     libmex:libmex.dll
 0002:00001654       __IMPORT_DESCRIPTOR_libut  0000000180011654     libut:libut.dll
 0002:00001668       __IMPORT_DESCRIPTOR_KERNEL32 0000000180011668     kernel32:KERNEL32.dll
 0002:0000167c       __IMPORT_DESCRIPTOR_VCRUNTIME140 000000018001167c     vcruntime:VCRUNTIME140.dll
 0002:00001690       __IMPORT_DESCRIPTOR_api-ms-win-crt-string-l1-1-0 0000000180011690     ucrt:api-ms-win-crt-string-l1-1-0.dll
 0002:000016a4       __IMPORT_DESCRIPTOR_api-ms-win-crt-stdio-l1-1-0 00000001800116a4     ucrt:api-ms-win-crt-stdio-l1-1-0.dll
 0002:000016b8       __IMPORT_DESCRIPTOR_api-ms-win-crt-heap-l1-1-0 00000001800116b8     ucrt:api-ms-win-crt-heap-l1-1-0.dll
 0002:000016cc       __IMPORT_DESCRIPTOR_api-ms-win-crt-runtime-l1-1-0 00000001800116cc     ucrt:api-ms-win-crt-runtime-l1-1-0.dll
 0002:000016e0       __NULL_IMPORT_DESCRIPTOR   00000001800116e0     libmwrgb2hsv_tbb:libmwrgb2hsv_tbb.dll
 0003:00000a70       DYNAMIC_DIMENSION          0000000180013a70     flightControlSystem_sfun_registry.obj
 0003:00003140       __security_cookie          0000000180016140     MSVCRT:gs_cookie.obj
 0003:00003180       __security_cookie_complement 0000000180016180     MSVCRT:gs_cookie.obj
 0003:00003188       _fltused                   0000000180016188     MSVCRT:fltused.obj
 0003:00003190       __scrt_native_dllmain_reason 0000000180016190     MSVCRT:utility.obj
 0003:00003198       __isa_inverted             0000000180016198     MSVCRT:cpu_disp.obj
 0003:000031a0       __isa_available            00000001800161a0     MSVCRT:cpu_disp.obj
 0003:000031a4       __isa_enabled              00000001800161a4     MSVCRT:cpu_disp.obj
 0003:000031a8       __memset_fast_string_threshold 00000001800161a8     MSVCRT:cpu_disp.obj
 0003:000031b0       __memset_nt_threshold      00000001800161b0     MSVCRT:cpu_disp.obj
 0003:000031c0       __scrt_ucrt_dll_is_in_use  00000001800161c0     MSVCRT:ucrt_stubs.obj
 0003:00003d10       ?__type_info_root_node@@3U__type_info_node@@A 0000000180016d10     MSVCRT:tncleanup.obj
 0003:00003d20       ?_OptionsStorage@?1??__local_stdio_printf_options@@9@4_KA 0000000180016d20     MSVCRT:default_local_stdio_options.obj
 0003:00003d28       ?_OptionsStorage@?1??__local_stdio_scanf_options@@9@4_KA 0000000180016d28     MSVCRT:default_local_stdio_options.obj
 0003:00003d30       __scrt_current_native_startup_state 0000000180016d30     MSVCRT:utility.obj
 0003:00003d38       __scrt_native_startup_lock 0000000180016d38     MSVCRT:utility.obj
 0003:00003d78       __scrt_debugger_hook_flag  0000000180016d78     MSVCRT:utility_desktop.obj
 0003:00003d80       __castguard_check_failure_user_handled_fptr 0000000180016d80     MSVCRT:guard_support.obj
 0003:00003d88       __avx10_version            0000000180016d88     MSVCRT:cpu_disp.obj
 0003:00003d8c       __favor                    0000000180016d8c     MSVCRT:cpu_disp.obj
 0003:00003d90       ?_OptionsStorage@?1??__local_stdio_printf_options@@9@9 0000000180016d90     <common>
 0003:00003d98       __dyn_tls_init_callback    0000000180016d98     <common>

 entry point at        0001:0000dc64

 Static symbols

 0000:00000000       _volmd                     0000000180000000     c1_flightControlSystem.obj
 0000:00000000       .debug$S                   0000000180000000     flightControlSystem_sfun.exp
 0000:00000000       _volmd                     0000000180000000     flightControlSystem_sfun.obj
 0000:00000000       _volmd                     0000000180000000     flightControlSystem_sfun_registry.obj
 0000:00000000       .debug$S                   0000000180000000     ucrt:api-ms-win-crt-heap-l1-1-0.dll
 0000:00000000       .debug$S                   0000000180000000     ucrt:api-ms-win-crt-heap-l1-1-0.dll
 0000:00000000       .debug$S                   0000000180000000     ucrt:api-ms-win-crt-runtime-l1-1-0.dll
 0000:00000000       .debug$S                   0000000180000000     ucrt:api-ms-win-crt-runtime-l1-1-0.dll
 0000:00000000       .debug$S                   0000000180000000     ucrt:api-ms-win-crt-runtime-l1-1-0.dll
 0000:00000000       .debug$S                   0000000180000000     ucrt:api-ms-win-crt-runtime-l1-1-0.dll
 0000:00000000       .debug$S                   0000000180000000     ucrt:api-ms-win-crt-runtime-l1-1-0.dll
 0000:00000000       .debug$S                   0000000180000000     ucrt:api-ms-win-crt-runtime-l1-1-0.dll
 0000:00000000       .debug$S                   0000000180000000     ucrt:api-ms-win-crt-runtime-l1-1-0.dll
 0000:00000000       .debug$S                   0000000180000000     ucrt:api-ms-win-crt-runtime-l1-1-0.dll
 0000:00000000       .debug$S                   0000000180000000     ucrt:api-ms-win-crt-runtime-l1-1-0.dll
 0000:00000000       .debug$S                   0000000180000000     ucrt:api-ms-win-crt-runtime-l1-1-0.dll
 0000:00000000       .debug$S                   0000000180000000     ucrt:api-ms-win-crt-runtime-l1-1-0.dll
 0000:00000000       .debug$S                   0000000180000000     ucrt:api-ms-win-crt-runtime-l1-1-0.dll
 0000:00000000       .debug$S                   0000000180000000     ucrt:api-ms-win-crt-stdio-l1-1-0.dll
 0000:00000000       .debug$S                   0000000180000000     ucrt:api-ms-win-crt-string-l1-1-0.dll
 0000:00000000       .debug$S                   0000000180000000     ucrt:api-ms-win-crt-string-l1-1-0.dll
 0000:00000000       .debug$S                   0000000180000000     ucrt:api-ms-win-crt-string-l1-1-0.dll
 0000:00000000       .debug$S                   0000000180000000     kernel32:KERNEL32.dll
 0000:00000000       .debug$S                   0000000180000000     kernel32:KERNEL32.dll
 0000:00000000       .debug$S                   0000000180000000     kernel32:KERNEL32.dll
 0000:00000000       .debug$S                   0000000180000000     kernel32:KERNEL32.dll
 0000:00000000       .debug$S                   0000000180000000     kernel32:KERNEL32.dll
 0000:00000000       .debug$S                   0000000180000000     kernel32:KERNEL32.dll
 0000:00000000       .debug$S                   0000000180000000     kernel32:KERNEL32.dll
 0000:00000000       .debug$S                   0000000180000000     kernel32:KERNEL32.dll
 0000:00000000       .debug$S                   0000000180000000     kernel32:KERNEL32.dll
 0000:00000000       .debug$S                   0000000180000000     kernel32:KERNEL32.dll
 0000:00000000       .debug$S                   0000000180000000     kernel32:KERNEL32.dll
 0000:00000000       .debug$S                   0000000180000000     kernel32:KERNEL32.dll
 0000:00000000       .debug$S                   0000000180000000     kernel32:KERNEL32.dll
 0000:00000000       .debug$S                   0000000180000000     kernel32:KERNEL32.dll
 0000:00000000       .debug$S                   0000000180000000     kernel32:KERNEL32.dll
 0000:00000000       .debug$S                   0000000180000000     kernel32:KERNEL32.dll
 0000:00000000       .debug$S                   0000000180000000     kernel32:KERNEL32.dll
 0000:00000000       .debug$S                   0000000180000000     libmex:libmex.dll
 0000:00000000       .debug$S                   0000000180000000     libmex:libmex.dll
 0000:00000000       .debug$S                   0000000180000000     libmex:libmex.dll
 0000:00000000       .debug$S                   0000000180000000     libmex:libmex.dll
 0000:00000000       .debug$S                   0000000180000000     libmex:libmex.dll
 0000:00000000       .debug$S                   0000000180000000     libmex:libmex.dll
 0000:00000000       .debug$S                   0000000180000000     libmex:libmex.dll
 0000:00000000       .debug$S                   0000000180000000     libmwrgb2hsv_tbb:libmwrgb2hsv_tbb.dll
 0000:00000000       .debug$S                   0000000180000000     libmx:libmx.dll
 0000:00000000       .debug$S                   0000000180000000     libmx:libmx.dll
 0000:00000000       .debug$S                   0000000180000000     libmx:libmx.dll
 0000:00000000       .debug$S                   0000000180000000     libmx:libmx.dll
 0000:00000000       .debug$S                   0000000180000000     libmx:libmx.dll
 0000:00000000       .debug$S                   0000000180000000     libmx:libmx.dll
 0000:00000000       .debug$S                   0000000180000000     libmx:libmx.dll
 0000:00000000       .debug$S                   0000000180000000     libmx:libmx.dll
 0000:00000000       .debug$S                   0000000180000000     libmx:libmx.dll
 0000:00000000       .debug$S                   0000000180000000     libmx:libmx.dll
 0000:00000000       .debug$S                   0000000180000000     libmx:libmx.dll
 0000:00000000       .debug$S                   0000000180000000     libmx:libmx.dll
 0000:00000000       .debug$S                   0000000180000000     libmx:libmx.dll
 0000:00000000       .debug$S                   0000000180000000     libmx:libmx.dll
 0000:00000000       .debug$S                   0000000180000000     libmx:libmx.dll
 0000:00000000       .debug$S                   0000000180000000     libmx:libmx.dll
 0000:00000000       .debug$S                   0000000180000000     libmx:libmx.dll
 0000:00000000       .debug$S                   0000000180000000     libmx:libmx.dll
 0000:00000000       .debug$S                   0000000180000000     libmx:libmx.dll
 0000:00000000       .debug$S                   0000000180000000     libut:libut.dll
 0000:00000000       .debug$S                   0000000180000000     libut:libut.dll
 0000:00000000       .debug$S                   0000000180000000     sf_runtime:sf_runtime.dll
 0000:00000000       .debug$S                   0000000180000000     sf_runtime:sf_runtime.dll
 0000:00000000       .debug$S                   0000000180000000     sf_runtime:sf_runtime.dll
 0000:00000000       .debug$S                   0000000180000000     sf_runtime:sf_runtime.dll
 0000:00000000       .debug$S                   0000000180000000     sf_runtime:sf_runtime.dll
 0000:00000000       .debug$S                   0000000180000000     sf_runtime:sf_runtime.dll
 0000:00000000       .debug$S                   0000000180000000     sf_runtime:sf_runtime.dll
 0000:00000000       .debug$S                   0000000180000000     sf_runtime:sf_runtime.dll
 0000:00000000       .debug$S                   0000000180000000     sf_runtime:sf_runtime.dll
 0000:00000000       .debug$S                   0000000180000000     sf_runtime:sf_runtime.dll
 0000:00000000       .debug$S                   0000000180000000     sf_runtime:sf_runtime.dll
 0000:00000000       .debug$S                   0000000180000000     sf_runtime:sf_runtime.dll
 0000:00000000       .debug$S                   0000000180000000     sf_runtime:sf_runtime.dll
 0000:00000000       .debug$S                   0000000180000000     sf_runtime:sf_runtime.dll
 0000:00000000       .debug$S                   0000000180000000     sf_runtime:sf_runtime.dll
 0000:00000000       .debug$S                   0000000180000000     sf_runtime:sf_runtime.dll
 0000:00000000       .debug$S                   0000000180000000     sf_runtime:sf_runtime.dll
 0000:00000000       .debug$S                   0000000180000000     sf_runtime:sf_runtime.dll
 0000:00000000       .debug$S                   0000000180000000     sf_runtime:sf_runtime.dll
 0000:00000000       .debug$S                   0000000180000000     sf_runtime:sf_runtime.dll
 0000:00000000       .debug$S                   0000000180000000     sf_runtime:sf_runtime.dll
 0000:00000000       .debug$S                   0000000180000000     sf_runtime:sf_runtime.dll
 0000:00000000       .debug$S                   0000000180000000     sf_runtime:sf_runtime.dll
 0000:00000000       .debug$S                   0000000180000000     sf_runtime:sf_runtime.dll
 0000:00000000       .debug$S                   0000000180000000     sf_runtime:sf_runtime.dll
 0000:00000000       .debug$S                   0000000180000000     sf_runtime:sf_runtime.dll
 0000:00000000       .debug$S                   0000000180000000     sf_runtime:sf_runtime.dll
 0000:00000000       .debug$S                   0000000180000000     sf_runtime:sf_runtime.dll
 0000:00000000       .debug$S                   0000000180000000     sf_runtime:sf_runtime.dll
 0000:00000000       .debug$S                   0000000180000000     sf_runtime:sf_runtime.dll
 0000:00000000       .debug$S                   0000000180000000     sf_runtime:sf_runtime.dll
 0000:00000000       .debug$S                   0000000180000000     sf_runtime:sf_runtime.dll
 0000:00000000       _volmd                     0000000180000000     MSVCRT:cpu_disp.obj
 0002:ffff0000       __guard_ehcont_?dllmain_dispatch@@YAHQEAUHINSTANCE__@@KQEAX@Z 0000000180000000     MSVCRT:dll_dllmain.obj
 0002:ffff0000       __guard_fids_?dllmain_dispatch@@YAHQEAUHINSTANCE__@@KQEAX@Z 0000000180000000     MSVCRT:dll_dllmain.obj
 0000:00000000       _volmd                     0000000180000000     MSVCRT:gs_report.obj
 0000:00000000       _volmd                     0000000180000000     MSVCRT:gs_report.obj
 0000:00000000       _volmd                     0000000180000000     MSVCRT:gs_report.obj
 0002:ffff0000       __guard_fids__             0000000180000000     MSVCRT:guard_support.obj
 0002:ffff0000       __guard_fids__             0000000180000000     MSVCRT:guard_support.obj
 0002:ffff0000       __guard_fids__guard_icall_checks_enforced 0000000180000000     MSVCRT:guard_support.obj
 0000:00000000       _volmd                     0000000180000000     MSVCRT:guard_support.obj
 0000:00000000       _volmd                     0000000180000000     MSVCRT:guard_support.obj
 0000:00000000       _volmd                     0000000180000000     MSVCRT:guard_support.obj
 0000:00000000       _volmd                     0000000180000000     MSVCRT:guard_support.obj
 0000:00000000       _volmd                     0000000180000000     MSVCRT:guard_support.obj
 0000:00000000       _volmd                     0000000180000000     MSVCRT:guard_support.obj
 0000:00000000       _volmd                     0000000180000000     MSVCRT:guard_support.obj
 0000:00000000       _volmd                     0000000180000000     MSVCRT:guard_support.obj
 0000:00000000       _volmd                     0000000180000000     MSVCRT:guard_support.obj
 0000:00000000       _volmd                     0000000180000000     MSVCRT:guard_support.obj
 0002:ffff0000       __guard_ehcont___scrt_is_nonwritable_in_current_image 0000000180000000     MSVCRT:utility.obj
 0000:00000000       _volmd                     0000000180000000     MSVCRT:utility.obj
 0000:00000000       _volmd                     0000000180000000     MSVCRT:utility.obj
 0000:00000000       _volmd                     0000000180000000     MSVCRT:utility.obj
 0002:ffff0000       __guard_fids___scrt_set_unhandled_exception_filter 0000000180000000     MSVCRT:utility_desktop.obj
 0000:00000000       _volmd                     0000000180000000     MSVCRT:utility_desktop.obj
 0002:ffff0000       __guard_fids__             0000000180000000     vcruntime:softmemtag.obj
 0000:00000000       .debug$S                   0000000180000000     vcruntime:VCRUNTIME140.dll
 0000:00000000       .debug$S                   0000000180000000     vcruntime:VCRUNTIME140.dll
 0000:00000000       .debug$S                   0000000180000000     vcruntime:VCRUNTIME140.dll
 0000:00000000       .debug$S                   0000000180000000     vcruntime:VCRUNTIME140.dll
 0000:00000000       .debug$S                   0000000180000000     vcruntime:VCRUNTIME140.dll
 0000:00000000       .debug$S                   0000000180000000     vcruntime:VCRUNTIME140.dll
 0000:00000010       _volmd                     0000000180000010     c1_flightControlSystem.obj
 0000:00000010       _volmd                     0000000180000010     flightControlSystem_sfun.obj
 0000:00000010       _volmd                     0000000180000010     flightControlSystem_sfun_registry.obj
 0000:00000020       _volmd                     0000000180000020     c1_flightControlSystem.obj
 0000:00000020       _volmd                     0000000180000020     flightControlSystem_sfun.obj
 0000:00000020       _volmd                     0000000180000020     flightControlSystem_sfun_registry.obj
 0000:00000030       _volmd                     0000000180000030     c1_flightControlSystem.obj
 0000:00000030       _volmd                     0000000180000030     flightControlSystem_sfun.obj
 0000:00000030       _volmd                     0000000180000030     flightControlSystem_sfun_registry.obj
 0000:00000040       _volmd                     0000000180000040     c1_flightControlSystem.obj
 0000:00000040       _volmd                     0000000180000040     flightControlSystem_sfun.obj
 0000:00000040       _volmd                     0000000180000040     flightControlSystem_sfun_registry.obj
 0000:00000050       _volmd                     0000000180000050     flightControlSystem_sfun.obj
 0000:00000050       _volmd                     0000000180000050     flightControlSystem_sfun_registry.obj
 0000:00000060       _volmd                     0000000180000060     flightControlSystem_sfun_registry.obj
 0000:00000070       _volmd                     0000000180000070     flightControlSystem_sfun_registry.obj
 0000:00000080       _volmd                     0000000180000080     flightControlSystem_sfun_registry.obj
 0000:00000090       _volmd                     0000000180000090     flightControlSystem_sfun_registry.obj
 0000:000000a0       _volmd                     00000001800000a0     flightControlSystem_sfun_registry.obj
 0000:000000b0       _volmd                     00000001800000b0     flightControlSystem_sfun_registry.obj
 0000:000000c0       _volmd                     00000001800000c0     flightControlSystem_sfun_registry.obj
 0000:000000d0       _volmd                     00000001800000d0     flightControlSystem_sfun_registry.obj
 0000:000000e0       _volmd                     00000001800000e0     flightControlSystem_sfun_registry.obj
 0000:000000f0       _volmd                     00000001800000f0     flightControlSystem_sfun_registry.obj
 0000:00000100       _volmd                     0000000180000100     flightControlSystem_sfun_registry.obj
 0001:00001160       initialize_c1_flightControlSystem 0000000180002160 f   c1_flightControlSystem.obj
 0001:000011c0       initialize_params_c1_flightControlSystem 00000001800021c0 f   c1_flightControlSystem.obj
 0001:000011d0       mdl_start_c1_flightControlSystem 00000001800021d0 f   c1_flightControlSystem.obj
 0001:00001200       mdl_terminate_c1_flightControlSystem 0000000180002200 f   c1_flightControlSystem.obj
 0001:00001210       mdl_setup_runtime_resources_c1_flightControlSystem 0000000180002210 f   c1_flightControlSystem.obj
 0001:00001270       mdl_cleanup_runtime_resources_c1_flightControlSystem 0000000180002270 f   c1_flightControlSystem.obj
 0001:00001280       enable_c1_flightControlSystem 0000000180002280 f   c1_flightControlSystem.obj
 0001:000012b0       disable_c1_flightControlSystem 00000001800022b0 f   c1_flightControlSystem.obj
 0001:000012e0       sf_gateway_c1_flightControlSystem 00000001800022e0 f   c1_flightControlSystem.obj
 0001:00001630       get_sim_state_c1_flightControlSystem 0000000180002630 f   c1_flightControlSystem.obj
 0001:00001720       set_sim_state_c1_flightControlSystem 0000000180002720 f   c1_flightControlSystem.obj
 0001:00001820       c1_emlrt_marshallIn        0000000180002820 f   c1_flightControlSystem.obj
 0001:00001890       c1_b_emlrt_marshallIn      0000000180002890 f   c1_flightControlSystem.obj
 0001:00001990       init_dsm_address_info      0000000180002990 f   c1_flightControlSystem.obj
 0001:000019a0       init_simulink_io_address   00000001800029a0 f   c1_flightControlSystem.obj
 0001:00001c60       sf_get_sim_state_info_c1_flightControlSystem 0000000180002c60 f   c1_flightControlSystem.obj
 0001:00001d20       sf_opaque_initialize_c1_flightControlSystem 0000000180002d20 f   c1_flightControlSystem.obj
 0001:00001d50       sf_opaque_enable_c1_flightControlSystem 0000000180002d50 f   c1_flightControlSystem.obj
 0001:00001d70       sf_opaque_disable_c1_flightControlSystem 0000000180002d70 f   c1_flightControlSystem.obj
 0001:00001d90       sf_opaque_gateway_c1_flightControlSystem 0000000180002d90 f   c1_flightControlSystem.obj
 0001:00001db0       sf_opaque_get_sim_state_c1_flightControlSystem 0000000180002db0 f   c1_flightControlSystem.obj
 0001:00001de0       sf_opaque_set_sim_state_c1_flightControlSystem 0000000180002de0 f   c1_flightControlSystem.obj
 0001:00001e20       sf_opaque_cleanup_runtime_resources_c1_flightControlSystem 0000000180002e20 f   c1_flightControlSystem.obj
 0001:00001ec0       sf_opaque_mdl_start_c1_flightControlSystem 0000000180002ec0 f   c1_flightControlSystem.obj
 0001:00001f00       sf_opaque_mdl_terminate_c1_flightControlSystem 0000000180002f00 f   c1_flightControlSystem.obj
 0001:00001f20       mdlProcessParameters_c1_flightControlSystem 0000000180002f20 f   c1_flightControlSystem.obj
 0001:00002120       mdlSetWorkWidths_c1_flightControlSystem 0000000180003120 f   c1_flightControlSystem.obj
 0001:000021b0       mdlRTW_c1_flightControlSystem 00000001800031b0 f   c1_flightControlSystem.obj
 0001:000021f0       mdlSetupRuntimeResources_c1_flightControlSystem 00000001800031f0 f   c1_flightControlSystem.obj
 0001:00004ca0       $LN197                     0000000180005ca0     flightControlSystem_sfun_registry.obj
 0001:00005b04       $LN22                      0000000180006b04     flightControlSystem_sfun_registry.obj
 0001:00006204       $LN26                      0000000180007204     flightControlSystem_sfun_registry.obj
 0001:000068e4       $LN24                      00000001800078e4     flightControlSystem_sfun_registry.obj
 0001:0000761c       $LN30                      000000018000861c     flightControlSystem_sfun_registry.obj
 0001:0000ac30       ProcessMexSfunctionCmdLineCall 000000018000bc30 f   flightControlSystem_sfun_registry.obj
 0001:0000aef0       mdlSetWorkWidths           000000018000bef0 f   flightControlSystem_sfun_registry.obj
 0001:0000af40       mdlProcessParameters       000000018000bf40 f   flightControlSystem_sfun_registry.obj
 0001:0000af70       mdl_setup_runtime_resources_processing 000000018000bf70 f   flightControlSystem_sfun_registry.obj
 0001:0000afd0       mdlSetupRuntimeResources   000000018000bfd0 f   flightControlSystem_sfun_registry.obj
 0001:0000b000       mdl_cleanup_runtime_resources_processing 000000018000c000 f   flightControlSystem_sfun_registry.obj
 0001:0000b0c0       mdlCleanupRuntimeResources 000000018000c0c0 f   flightControlSystem_sfun_registry.obj
 0001:0000b0f0       mdl_start_processing       000000018000c0f0 f   flightControlSystem_sfun_registry.obj
 0001:0000b130       mdlStart                   000000018000c130 f   flightControlSystem_sfun_registry.obj
 0001:0000b160       mdl_terminate_processing   000000018000c160 f   flightControlSystem_sfun_registry.obj
 0001:0000b1a0       mdlTerminate               000000018000c1a0 f   flightControlSystem_sfun_registry.obj
 0001:0000b1d0       mdlInitializeSizes         000000018000c1d0 f   flightControlSystem_sfun_registry.obj
 0001:0000b200       mdlInitializeSampleTimes   000000018000c200 f   flightControlSystem_sfun_registry.obj
 0001:0000b230       mdl_outputs_continuous_legacy 000000018000c230 f   flightControlSystem_sfun_registry.obj
 0001:0000b340       mdl_outputs_processing     000000018000c340 f   flightControlSystem_sfun_registry.obj
 0001:0000b4a0       mdl_zeroCrossings_processing 000000018000c4a0 f   flightControlSystem_sfun_registry.obj
 0001:0000b4e0       mdlZeroCrossings           000000018000c4e0 f   flightControlSystem_sfun_registry.obj
 0001:0000b510       mdl_derivatives_processing 000000018000c510 f   flightControlSystem_sfun_registry.obj
 0001:0000b560       mdlDerivatives             000000018000c560 f   flightControlSystem_sfun_registry.obj
 0001:0000b590       mdl_initialize_conditions_processing 000000018000c590 f   flightControlSystem_sfun_registry.obj
 0001:0000b5e0       mdlInitializeConditions    000000018000c5e0 f   flightControlSystem_sfun_registry.obj
 0001:0000b610       mdl_ext_mode_exec_processing 000000018000c610 f   flightControlSystem_sfun_registry.obj
 0001:0000b660       mdlExtModeExec             000000018000c660 f   flightControlSystem_sfun_registry.obj
 0001:0000b690       mdlRTW                     000000018000c690 f   flightControlSystem_sfun_registry.obj
 0001:0000b6d0       mdl_enable_processing      000000018000c6d0 f   flightControlSystem_sfun_registry.obj
 0001:0000b710       mdlEnable                  000000018000c710 f   flightControlSystem_sfun_registry.obj
 0001:0000b740       mdl_disable_processing     000000018000c740 f   flightControlSystem_sfun_registry.obj
 0001:0000b780       mdlDisable                 000000018000c780 f   flightControlSystem_sfun_registry.obj
 0001:0000b7b0       mdlOutputs                 000000018000c7b0 f   flightControlSystem_sfun_registry.obj
 0001:0000b7e0       mdl_update_processing      000000018000c7e0 f   flightControlSystem_sfun_registry.obj
 0001:0000b830       mdlUpdate                  000000018000c830 f   flightControlSystem_sfun_registry.obj
[...]
 0003:00000af8       $SG20754                   0000000180013af8     flightControlSystem_sfun_registry.obj
 0003:00000b10       $SG20782                   0000000180013b10     flightControlSystem_sfun_registry.obj
 0003:00000b30       $SG20784                   0000000180013b30     flightControlSystem_sfun_registry.obj
 0003:00000b48       $SG20812                   0000000180013b48     flightControlSystem_sfun_registry.obj
 0003:00000b68       $SG20814                   0000000180013b68     flightControlSystem_sfun_registry.obj
 0003:00000b80       $SG20830                   0000000180013b80     flightControlSystem_sfun_registry.obj
 0003:00000b90       $SG20844                   0000000180013b90     flightControlSystem_sfun_registry.obj
 0003:00000ba8       $SG20864                   0000000180013ba8     flightControlSystem_sfun_registry.obj
 0003:00000bbc       $SG20937                   0000000180013bbc     flightControlSystem_sfun_registry.obj
 0003:00000bc8       $SG20938                   0000000180013bc8     flightControlSystem_sfun_registry.obj
 0003:00000bdc       $SG20942                   0000000180013bdc     flightControlSystem_sfun_registry.obj
 0003:00000be8       $SG20943                   0000000180013be8     flightControlSystem_sfun_registry.obj
 0003:00000c08       $SG21057                   0000000180013c08     flightControlSystem_sfun_registry.obj
 0003:00000c30       _sfcnName                  0000000180013c30     flightControlSystem_sfun_registry.obj
 0003:00000c50       $SG21072                   0000000180013c50     flightControlSystem_sfun_registry.obj
 0003:00000cc8       $SG21377                   0000000180013cc8     flightControlSystem_sfun_registry.obj
 0003:00000cd0       $SG21378                   0000000180013cd0     flightControlSystem_sfun_registry.obj
 0003:00000cd8       $SG21390                   0000000180013cd8     flightControlSystem_sfun_registry.obj
 0003:00000ce8       $SG21526                   0000000180013ce8     flightControlSystem_sfun_registry.obj
 0003:00000d28       $SG21527                   0000000180013d28     flightControlSystem_sfun_registry.obj
 0003:00000d38       $SG21528                   0000000180013d38     flightControlSystem_sfun_registry.obj
 0003:00000d40       $SG21532                   0000000180013d40     flightControlSystem_sfun_registry.obj
 0003:00000d88       $SG21533                   0000000180013d88     flightControlSystem_sfun_registry.obj
 0003:00000d98       $SG21534                   0000000180013d98     flightControlSystem_sfun_registry.obj
 0003:00000da0       $SG21535                   0000000180013da0     flightControlSystem_sfun_registry.obj
 0003:00000df8       $SG21536                   0000000180013df8     flightControlSystem_sfun_registry.obj
 0003:00000e08       $SG21537                   0000000180013e08     flightControlSystem_sfun_registry.obj
 0003:00000e10       $SG21557                   0000000180013e10     flightControlSystem_sfun_registry.obj
 0003:00000e50       $SG21558                   0000000180013e50     flightControlSystem_sfun_registry.obj
 0003:00000e60       $SG21559                   0000000180013e60     flightControlSystem_sfun_registry.obj
 0003:00000e70       $SG21563                   0000000180013e70     flightControlSystem_sfun_registry.obj
 0003:00000eb8       $SG21564                   0000000180013eb8     flightControlSystem_sfun_registry.obj
 0003:00000ec8       $SG21565                   0000000180013ec8     flightControlSystem_sfun_registry.obj
 0003:00000ed0       $SG21566                   0000000180013ed0     flightControlSystem_sfun_registry.obj
 0003:00000f28       $SG21567                   0000000180013f28     flightControlSystem_sfun_registry.obj
 0003:00000f38       $SG21568                   0000000180013f38     flightControlSystem_sfun_registry.obj
 0003:00000f40       $SG21587                   0000000180013f40     flightControlSystem_sfun_registry.obj
 0003:00000f90       $SG21588                   0000000180013f90     flightControlSystem_sfun_registry.obj
 0003:00000fa0       $SG21589                   0000000180013fa0     flightControlSystem_sfun_registry.obj
 0003:00000fb0       $SG21598                   0000000180013fb0     flightControlSystem_sfun_registry.obj
 0003:00001010       $SG21599                   0000000180014010     flightControlSystem_sfun_registry.obj
 0003:00001018       $SG21600                   0000000180014018     flightControlSystem_sfun_registry.obj
 0003:00001020       $SG21609                   0000000180014020     flightControlSystem_sfun_registry.obj
 0003:00001080       $SG21610                   0000000180014080     flightControlSystem_sfun_registry.obj
 0003:00001088       $SG21611                   0000000180014088     flightControlSystem_sfun_registry.obj
 0003:00001090       $SG21917                   0000000180014090     flightControlSystem_sfun_registry.obj
 0003:00001110       $SG21920                   0000000180014110     flightControlSystem_sfun_registry.obj
 0003:00001190       $SG21925                   0000000180014190     flightControlSystem_sfun_registry.obj
 0003:00001210       $SG21933                   0000000180014210     flightControlSystem_sfun_registry.obj
 0003:00001280       $SG22206                   0000000180014280     flightControlSystem_sfun_registry.obj
 0003:00001300       $SG22211                   0000000180014300     flightControlSystem_sfun_registry.obj
 0003:00001378       $SG22535                   0000000180014378     flightControlSystem_sfun_registry.obj
 0003:00001390       $SG22548                   0000000180014390     flightControlSystem_sfun_registry.obj
 0003:00001408       $SG22551                   0000000180014408     flightControlSystem_sfun_registry.obj
 0003:0000140c       $SG22603                   000000018001440c     flightControlSystem_sfun_registry.obj
 0003:00001414       $SG22604                   0000000180014414     flightControlSystem_sfun_registry.obj
 0003:0000141c       $SG22605                   000000018001441c     flightControlSystem_sfun_registry.obj
 0003:00001430       $SG22606                   0000000180014430     flightControlSystem_sfun_registry.obj
 0003:000014b0       $SG22608                   00000001800144b0     flightControlSystem_sfun_registry.obj
 0003:0000152c       $SG22611                   000000018001452c     flightControlSystem_sfun_registry.obj
 0003:00001534       $SG22614                   0000000180014534     flightControlSystem_sfun_registry.obj
 0003:0000153c       $SG22617                   000000018001453c     flightControlSystem_sfun_registry.obj
 0003:00001550       $SG22618                   0000000180014550     flightControlSystem_sfun_registry.obj
 0003:000015d0       $SG22619                   00000001800145d0     flightControlSystem_sfun_registry.obj
 0003:000015e0       $SG22621                   00000001800145e0     flightControlSystem_sfun_registry.obj
 0003:000015ec       $SG22623                   00000001800145ec     flightControlSystem_sfun_registry.obj
 0003:000015f4       $SG22625                   00000001800145f4     flightControlSystem_sfun_registry.obj
 0003:00001600       $SG22627                   0000000180014600     flightControlSystem_sfun_registry.obj
 0003:0000160c       $SG22629                   000000018001460c     flightControlSystem_sfun_registry.obj
 0003:00001610       $SG22632                   0000000180014610     flightControlSystem_sfun_registry.obj
 0003:000016f8       $SG22742                   00000001800146f8     flightControlSystem_sfun_registry.obj
 0003:00001728       $SG22743                   0000000180014728     flightControlSystem_sfun_registry.obj
 0003:00001738       $SG22744                   0000000180014738     flightControlSystem_sfun_registry.obj
 0003:00001740       $SG22746                   0000000180014740     flightControlSystem_sfun_registry.obj
 0003:00001778       $SG22747                   0000000180014778     flightControlSystem_sfun_registry.obj
 0003:00001788       $SG22748                   0000000180014788     flightControlSystem_sfun_registry.obj
 0003:00001790       $SG22751                   0000000180014790     flightControlSystem_sfun_registry.obj
 0003:000017c8       $SG22752                   00000001800147c8     flightControlSystem_sfun_registry.obj
 0003:000017d8       $SG22753                   00000001800147d8     flightControlSystem_sfun_registry.obj
 0003:000017e0       $SG22755                   00000001800147e0     flightControlSystem_sfun_registry.obj
 0003:00001818       $SG22756                   0000000180014818     flightControlSystem_sfun_registry.obj
 0003:00001828       $SG22757                   0000000180014828     flightControlSystem_sfun_registry.obj
 0003:00001830       $SG22759                   0000000180014830     flightControlSystem_sfun_registry.obj
 0003:00001868       $SG22760                   0000000180014868     flightControlSystem_sfun_registry.obj
 0003:00001878       $SG22761                   0000000180014878     flightControlSystem_sfun_registry.obj
 0003:00001880       $SG22764                   0000000180014880     flightControlSystem_sfun_registry.obj
 0003:00001888       $SG22766                   0000000180014888     flightControlSystem_sfun_registry.obj
 0003:000018a0       $SG22767                   00000001800148a0     flightControlSystem_sfun_registry.obj
 0003:000018d8       $SG22768                   00000001800148d8     flightControlSystem_sfun_registry.obj
 0003:000018e8       $SG22769                   00000001800148e8     flightControlSystem_sfun_registry.obj
 0003:000018f0       $SG22935                   00000001800148f0     flightControlSystem_sfun_registry.obj
 0003:00001910       $SG22936                   0000000180014910     flightControlSystem_sfun_registry.obj
 0003:000019a0       $SG22942                   00000001800149a0     flightControlSystem_sfun_registry.obj
 0003:000019c0       $SG22943                   00000001800149c0     flightControlSystem_sfun_registry.obj
 0003:00001a50       $SG22949                   0000000180014a50     flightControlSystem_sfun_registry.obj
 0003:00001a70       $SG22950                   0000000180014a70     flightControlSystem_sfun_registry.obj
 0003:00001b00       $SG22956                   0000000180014b00     flightControlSystem_sfun_registry.obj
 0003:00001b20       $SG22957                   0000000180014b20     flightControlSystem_sfun_registry.obj
 0003:00001bb0       $SG22963                   0000000180014bb0     flightControlSystem_sfun_registry.obj
 0003:00001bd0       $SG22964                   0000000180014bd0     flightControlSystem_sfun_registry.obj
 0003:00001c60       $SG22968                   0000000180014c60     flightControlSystem_sfun_registry.obj
 0003:00001c80       $SG22969                   0000000180014c80     flightControlSystem_sfun_registry.obj
 0003:00001d10       $SG22973                   0000000180014d10     flightControlSystem_sfun_registry.obj
 0003:00001d40       $SG22974                   0000000180014d40     flightControlSystem_sfun_registry.obj
 0003:00001dd0       $SG22978                   0000000180014dd0     flightControlSystem_sfun_registry.obj
 0003:00001e00       $SG22979                   0000000180014e00     flightControlSystem_sfun_registry.obj
 0003:00001e90       $SG22983                   0000000180014e90     flightControlSystem_sfun_registry.obj
 0003:00001eb0       $SG22984                   0000000180014eb0     flightControlSystem_sfun_registry.obj
 0003:00001f40       $SG22988                   0000000180014f40     flightControlSystem_sfun_registry.obj
 0003:00001f60       $SG22989                   0000000180014f60     flightControlSystem_sfun_registry.obj
 0003:00001ff0       $SG22993                   0000000180014ff0     flightControlSystem_sfun_registry.obj
 0003:00002010       $SG22994                   0000000180015010     flightControlSystem_sfun_registry.obj
 0003:000020a0       $SG22998                   00000001800150a0     flightControlSystem_sfun_registry.obj
 0003:000020c0       $SG22999                   00000001800150c0     flightControlSystem_sfun_registry.obj
 0003:00002150       $SG23003                   0000000180015150     flightControlSystem_sfun_registry.obj
 0003:00002170       $SG23004                   0000000180015170     flightControlSystem_sfun_registry.obj
 0003:00002200       $SG23008                   0000000180015200     flightControlSystem_sfun_registry.obj
 0003:00002220       $SG23009                   0000000180015220     flightControlSystem_sfun_registry.obj
 0003:000022b0       $SG23013                   00000001800152b0     flightControlSystem_sfun_registry.obj
 0003:000022d0       $SG23014                   00000001800152d0     flightControlSystem_sfun_registry.obj
 0003:00002360       $SG23018                   0000000180015360     flightControlSystem_sfun_registry.obj
 0003:00002380       $SG23019                   0000000180015380     flightControlSystem_sfun_registry.obj
 0003:00002410       $SG23023                   0000000180015410     flightControlSystem_sfun_registry.obj
 0003:00002430       $SG23024                   0000000180015430     flightControlSystem_sfun_registry.obj
 0003:000024c0       $SG23029                   00000001800154c0     flightControlSystem_sfun_registry.obj
 0003:000024e0       $SG23030                   00000001800154e0     flightControlSystem_sfun_registry.obj
 0003:00002570       $SG23035                   0000000180015570     flightControlSystem_sfun_registry.obj
 0003:00002580       $SG23036                   0000000180015580     flightControlSystem_sfun_registry.obj
 0003:00002610       $SG23040                   0000000180015610     flightControlSystem_sfun_registry.obj
 0003:00002630       $SG23041                   0000000180015630     flightControlSystem_sfun_registry.obj
 0003:000026c0       $SG23045                   00000001800156c0     flightControlSystem_sfun_registry.obj
 0003:000026d0       $SG23046                   00000001800156d0     flightControlSystem_sfun_registry.obj
 0003:00002760       $SG23050                   0000000180015760     flightControlSystem_sfun_registry.obj
 0003:00002780       $SG23051                   0000000180015780     flightControlSystem_sfun_registry.obj
 0003:00002810       $SG23055                   0000000180015810     flightControlSystem_sfun_registry.obj
 0003:00002830       $SG23056                   0000000180015830     flightControlSystem_sfun_registry.obj
 0003:000028c0       $SG23060                   00000001800158c0     flightControlSystem_sfun_registry.obj
 0003:000028d0       $SG23061                   00000001800158d0     flightControlSystem_sfun_registry.obj
 0003:00002960       $SG23065                   0000000180015960     flightControlSystem_sfun_registry.obj
 0003:00002970       $SG23066                   0000000180015970     flightControlSystem_sfun_registry.obj
 0003:00002a00       $SG23070                   0000000180015a00     flightControlSystem_sfun_registry.obj
 0003:00002a20       $SG23071                   0000000180015a20     flightControlSystem_sfun_registry.obj
 0003:00002ab0       $SG23075                   0000000180015ab0     flightControlSystem_sfun_registry.obj
 0003:00002ad0       $SG23076                   0000000180015ad0     flightControlSystem_sfun_registry.obj
 0003:00002b60       $SG23080                   0000000180015b60     flightControlSystem_sfun_registry.obj
 0003:00002b70       $SG23081                   0000000180015b70     flightControlSystem_sfun_registry.obj
 0003:00002c00       $SG23089                   0000000180015c00     flightControlSystem_sfun_registry.obj
 0003:00002c10       $SG23090                   0000000180015c10     flightControlSystem_sfun_registry.obj
 0003:00002ca0       $SG23096                   0000000180015ca0     flightControlSystem_sfun_registry.obj
 0003:00002cb0       $SG23097                   0000000180015cb0     flightControlSystem_sfun_registry.obj
 0003:00002d40       $SG23101                   0000000180015d40     flightControlSystem_sfun_registry.obj
 0003:00002d50       $SG23102                   0000000180015d50     flightControlSystem_sfun_registry.obj
 0003:00002de0       $SG23107                   0000000180015de0     flightControlSystem_sfun_registry.obj
 0003:00002df0       $SG23108                   0000000180015df0     flightControlSystem_sfun_registry.obj
 0003:00002e80       $SG23112                   0000000180015e80     flightControlSystem_sfun_registry.obj
 0003:00002f00       $SG23135                   0000000180015f00     flightControlSystem_sfun_registry.obj
 0003:00003018       $SG23143                   0000000180016018     flightControlSystem_sfun_registry.obj
 0003:00003028       $SG23150                   0000000180016028     flightControlSystem_sfun_registry.obj
 0003:00003038       $SG23158                   0000000180016038     flightControlSystem_sfun_registry.obj
 0003:00003048       $SG23165                   0000000180016048     flightControlSystem_sfun_registry.obj
 0003:00003058       $SG23173                   0000000180016058     flightControlSystem_sfun_registry.obj
 0003:00003068       $SG23180                   0000000180016068     flightControlSystem_sfun_registry.obj
 0003:00003078       $SG23186                   0000000180016078     flightControlSystem_sfun_registry.obj
 0003:00003098       $SG23196                   0000000180016098     flightControlSystem_sfun_registry.obj
 0003:000030c8       $SG23197                   00000001800160c8     flightControlSystem_sfun_registry.obj
 0003:000030d0       $SG23198                   00000001800160d0     flightControlSystem_sfun_registry.obj
 0003:000030d8       $SG23208                   00000001800160d8     flightControlSystem_sfun_registry.obj
 0003:00003110       $SG23209                   0000000180016110     flightControlSystem_sfun_registry.obj
 0003:00003118       $SG23210                   0000000180016118     flightControlSystem_sfun_registry.obj
 0003:000031d0       sRtwOptimizationInfoStruct 00000001800161d0     flightControlSystem_sfun.obj
 0003:000031d8       sOptimizationInfoFlags     00000001800161d8     flightControlSystem_sfun.obj
 0003:000031e0       _sfTime_                   00000001800161e0     c1_flightControlSystem.obj
 0003:000031e8       $SG20879                   00000001800161e8     c1_flightControlSystem.obj
 0003:000031e9       $SG20880                   00000001800161e9     c1_flightControlSystem.obj
 0003:000031ea       $SG21010                   00000001800161ea     c1_flightControlSystem.obj
 0003:000031f0       ?newstr@?1??sf_c1_flightControlSystem_get_post_codegen_info@@9@9 00000001800161f0     c1_flightControlSystem.obj
 0003:00003788       sfGlobalMdlStartCallCounts 0000000180016788     flightControlSystem_sfun_registry.obj
 0003:0000378c       $SG22599                   000000018001678c     flightControlSystem_sfun_registry.obj
 0003:0000378e       ?warningGuard@?1??ssGetRootSS@@9@9 000000018001678e     flightControlSystem_sfun_registry.obj
 0003:0000378f       ?warningGuard@?1??ssGetParentSS@@9@9 000000018001678f     flightControlSystem_sfun_registry.obj
 0003:00003790       GS_ExceptionRecord         0000000180016790     MSVCRT:gs_report.obj
 0003:00003830       GS_ContextRecord           0000000180016830     MSVCRT:gs_report.obj
 0003:00003d00       ?__proc_attached@@3HA      0000000180016d00     MSVCRT:dll_dllmain.obj
 0003:00003d40       ?is_initialized_as_dll@@3_NA 0000000180016d40     MSVCRT:utility.obj
 0003:00003d41       ?module_local_atexit_table_initialized@@3_NA 0000000180016d41     MSVCRT:utility.obj
 0003:00003d48       ?module_local_atexit_table@@3U_onexit_table_t@@A 0000000180016d48     MSVCRT:utility.obj
 0003:00003d60       ?module_local_at_quick_exit_table@@3U_onexit_table_t@@A 0000000180016d60     MSVCRT:utility.obj
